<html>
<body>
<pre>
<h1>礦ision Build Log</h1>
<h2>Tool Versions:</h2>
IDE-Version: μVision V5.27.1.0
Copyright (C) 2019 ARM Ltd and ARM Germany GmbH. All rights reserved.
License Information: hu A, huazhong university of science and technology, LIC=21E4T-RWPFW-II05V-PVC4C-EJBC7-E76RP
 
Tool Versions:
Toolchain:       MDK-ARM Plus  Version: 5.24.1
Toolchain Path:  D:\keil5\ARM\ARMCC\Bin
C Compiler:      Armcc.exe V5.06 update 5 (build 528)
Assembler:       Armasm.exe V5.06 update 5 (build 528)
Linker/Locator:  ArmLink.exe V5.06 update 5 (build 528)
Library Manager: ArmAr.exe V5.06 update 5 (build 528)
Hex Converter:   FromElf.exe V5.06 update 5 (build 528)
CPU DLL:         SARMCM3.DLL V5.24.1
Dialog DLL:      DCM.DLL V1.16.0.0
Target DLL:      STLink\ST-LINKIII-KEIL_SWO.dll V3.0.1.0
Dialog DLL:      TCM.DLL V1.32.0.0
 
<h2>Project:</h2>
D:\MCU\stm32f103c8t6\MDK-ARM\stm32f103c8t6.uvprojx
Project File Date:  06/08/2023

<h2>Output:</h2>
*** Using Compiler 'V5.06 update 5 (build 528)', folder: 'D:\keil5\ARM\ARMCC\Bin'
Build target 'stm32f103c8t6'
assembling startup_stm32f103xb.s...
compiling stm32f1xx_it.c...
compiling mpu6050.c...
..\Core\Src\mpu6050.c(100): warning:  #223-D: function "printf" declared implicitly
  	printf("%d\r\n",temp);
..\Core\Src\mpu6050.c: 1 warning, 0 errors
compiling gpio.c...
compiling tim.c...
compiling main.c...
../Core/Inc/mpu6050.h(7): warning:  #1295-D: Deprecated declaration MPU6050_calibrate - give arg types
  void MPU6050_calibrate();
../Core/Src/main.c(114): warning:  #188-D: enumerated type mixed with another type
  	HAL_GPIO_WritePin(
PIOB, 
PIO_PIN_0, 0);
../Core/Src/main.c(121): warning:  #223-D: function "OLED_Init" declared implicitly
    OLED_Init();//OLED初始化  
../Core/Src/main.c(122): warning:  #223-D: function "OLED_Clear" declared implicitly
  	OLED_Clear();//清屏
../Core/Src/main.c(124): warning:  #223-D: function "OLED_ShowCHinese" declared implicitly
      OLED_ShowCHinese(18,0,0);//硬
../Core/Src/main.c(128): warning:  #223-D: function "OLED_ShowString" declared implicitly
  	OLED_ShowString(6,3,"speed is: m/s");//显示字符串
../Core/Src/main.c(131): warning:  #223-D: function "OLED_ShowNum" declared implicitly
  		OLED_ShowNum(78,3,1,1,1);//参数是列、行、数值、长度、大小
../Core/Src/main.c(86): warning:  #177-D: variable "tx"  was declared but never referenced
  	uint8_t tx = 49;
../Core/Src/main.c(87): warning:  #177-D: variable "a"  was declared but never referenced
  		int a;
../Core/Src/main.c: 9 warnings, 0 errors
compiling i2c.c...
compiling usart.c...
compiling oled.c...
compiling stm32f1xx_hal_gpio_ex.c...
compiling stm32f1xx_hal_msp.c...
compiling stm32f1xx_hal.c...
compiling stm32f1xx_hal_gpio.c...
compiling stm32f1xx_hal_rcc_ex.c...
compiling stm32f1xx_hal_dma.c...
compiling stm32f1xx_hal_rcc.c...
compiling stm32f1xx_hal_i2c.c...
compiling stm32f1xx_hal_cortex.c...
compiling stm32f1xx_hal_pwr.c...
compiling stm32f1xx_hal_flash.c...
compiling stm32f1xx_hal_exti.c...
compiling stm32f1xx_hal_flash_ex.c...
compiling stm32f1xx_hal_uart.c...
compiling stm32f1xx_hal_tim_ex.c...
compiling stm32f1xx_hal_tim.c...
compiling system_stm32f1xx.c...
compiling DMP_test.c...
..\Core\Src\DMP\DMP_test.c(201): warning:  #940-D: missing return statement at end of non-void function "DMP_test" 
  }
..\Core\Src\DMP\DMP_test.c: 1 warning, 0 errors
compiling inv_mpu_dmp_motion_driver.c...
compiling inv_mpu.c...
..\Core\Src\DMP\inv_mpu.c(2392): warning:  #177-D: function "setup_compass"  was declared but never referenced
  static int setup_compass(void)
..\Core\Src\DMP\inv_mpu.c: 1 warning, 0 errors
linking...
Program Size: Code=25260 RO-data=5204 RW-data=352 ZI-data=1328  
FromELF: creating hex file...
"stm32f103c8t6\stm32f103c8t6.axf" - 0 Error(s), 12 Warning(s).

<h2>Software Packages used:</h2>

Package Vendor: ARM
                http://www.keil.com/pack/ARM.CMSIS.5.0.1.pack
                ARM.CMSIS.5.0.1
                CMSIS (Cortex Microcontroller Software Interface Standard)
   * Component: CORE Version: 5.0.1

Package Vendor: Keil
                http://www.keil.com/pack/Keil.STM32F1xx_DFP.2.3.0.pack
                Keil.STM32F1xx_DFP.2.3.0
                STMicroelectronics STM32F1 Series Device Support, Drivers and Examples

<h2>Collection of Component include folders:</h2>
  .\RTE\_stm32f103c8t6
  D:\keil5\ARM\PACK\ARM\CMSIS\5.0.1\CMSIS\Include
  D:\keil5\ARM\PACK\Keil\STM32F1xx_DFP\2.3.0\Device\Include

<h2>Collection of Component Files used:</h2>

   * Component: ARM::CMSIS:CORE:5.0.1
Build Time Elapsed:  00:00:16
</pre>
</body>
</html>
