Component: ARM Compiler 5.06 update 5 (build 528) Tool: armlink [4d35e2]

==============================================================================

Section Cross References

    startup_stm32f103xb.o(RESET) refers to startup_stm32f103xb.o(STACK) for __initial_sp
    startup_stm32f103xb.o(RESET) refers to startup_stm32f103xb.o(.text) for Reset_Handler
    startup_stm32f103xb.o(RESET) refers to stm32f1xx_it.o(i.NMI_Handler) for NMI_Handler
    startup_stm32f103xb.o(RESET) refers to stm32f1xx_it.o(i.HardFault_Handler) for HardFault_Handler
    startup_stm32f103xb.o(RESET) refers to stm32f1xx_it.o(i.MemManage_Handler) for MemManage_Handler
    startup_stm32f103xb.o(RESET) refers to stm32f1xx_it.o(i.BusFault_Handler) for BusFault_Handler
    startup_stm32f103xb.o(RESET) refers to stm32f1xx_it.o(i.UsageFault_Handler) for UsageFault_Handler
    startup_stm32f103xb.o(RESET) refers to stm32f1xx_it.o(i.SVC_Handler) for SVC_Handler
    startup_stm32f103xb.o(RESET) refers to stm32f1xx_it.o(i.DebugMon_Handler) for DebugMon_Handler
    startup_stm32f103xb.o(RESET) refers to stm32f1xx_it.o(i.PendSV_Handler) for PendSV_Handler
    startup_stm32f103xb.o(RESET) refers to stm32f1xx_it.o(i.SysTick_Handler) for SysTick_Handler
    startup_stm32f103xb.o(RESET) refers to stm32f1xx_it.o(i.EXTI0_IRQHandler) for EXTI0_IRQHandler
    startup_stm32f103xb.o(RESET) refers to stm32f1xx_it.o(i.USART1_IRQHandler) for USART1_IRQHandler
    startup_stm32f103xb.o(.text) refers to system_stm32f1xx.o(i.SystemInit) for SystemInit
    startup_stm32f103xb.o(.text) refers to entry.o(.ARM.Collect$$$$00000000) for __main
    oled.o(i.OLED_Clear) refers to oled.o(i.OLED_WR_Byte) for OLED_WR_Byte
    oled.o(i.OLED_Display_Off) refers to oled.o(i.OLED_WR_Byte) for OLED_WR_Byte
    oled.o(i.OLED_Display_On) refers to oled.o(i.OLED_WR_Byte) for OLED_WR_Byte
    oled.o(i.OLED_DrawBMP) refers to oled.o(i.OLED_Set_Pos) for OLED_Set_Pos
    oled.o(i.OLED_DrawBMP) refers to oled.o(i.OLED_WR_Byte) for OLED_WR_Byte
    oled.o(i.OLED_Init) refers to stm32f1xx_hal_gpio.o(i.HAL_GPIO_Init) for HAL_GPIO_Init
    oled.o(i.OLED_Init) refers to stm32f1xx_hal_gpio.o(i.HAL_GPIO_WritePin) for HAL_GPIO_WritePin
    oled.o(i.OLED_Init) refers to stm32f1xx_hal.o(i.HAL_Delay) for HAL_Delay
    oled.o(i.OLED_Init) refers to oled.o(i.OLED_WR_Byte) for OLED_WR_Byte
    oled.o(i.OLED_Init) refers to oled.o(i.OLED_Clear) for OLED_Clear
    oled.o(i.OLED_Init) refers to oled.o(i.OLED_Set_Pos) for OLED_Set_Pos
    oled.o(i.OLED_Set_Pos) refers to oled.o(i.OLED_WR_Byte) for OLED_WR_Byte
    oled.o(i.OLED_ShowCHinese) refers to oled.o(i.OLED_Set_Pos) for OLED_Set_Pos
    oled.o(i.OLED_ShowCHinese) refers to oled.o(i.OLED_WR_Byte) for OLED_WR_Byte
    oled.o(i.OLED_ShowCHinese) refers to oled.o(.data) for .data
    oled.o(i.OLED_ShowChar) refers to oled.o(i.OLED_Set_Pos) for OLED_Set_Pos
    oled.o(i.OLED_ShowChar) refers to oled.o(i.OLED_WR_Byte) for OLED_WR_Byte
    oled.o(i.OLED_ShowChar) refers to oled.o(.constdata) for .constdata
    oled.o(i.OLED_ShowNum) refers to oled.o(i.oled_pow) for oled_pow
    oled.o(i.OLED_ShowNum) refers to oled.o(i.OLED_ShowChar) for OLED_ShowChar
    oled.o(i.OLED_ShowString) refers to oled.o(i.OLED_ShowChar) for OLED_ShowChar
    oled.o(i.OLED_WR_Byte) refers to stm32f1xx_hal_gpio.o(i.HAL_GPIO_WritePin) for HAL_GPIO_WritePin
    mpu6050.o(i.IIC_Read) refers to stm32f1xx_hal_i2c.o(i.HAL_I2C_Mem_Read) for HAL_I2C_Mem_Read
    mpu6050.o(i.IIC_Read) refers to i2c.o(.bss) for hi2c1
    mpu6050.o(i.IIC_Write) refers to stm32f1xx_hal_i2c.o(i.HAL_I2C_Mem_Write) for HAL_I2C_Mem_Write
    mpu6050.o(i.IIC_Write) refers to i2c.o(.bss) for hi2c1
    mpu6050.o(i.MPU6050_Get) refers to mpu6050.o(i.IIC_Read) for IIC_Read
    mpu6050.o(i.MPU6050_Get) refers to mpu6050.o(.bss) for .bss
    mpu6050.o(i.MPU6050_Get) refers to mpu6050.o(.data) for .data
    mpu6050.o(i.MPU6050_Init) refers to mpu6050.o(i.IIC_Write) for IIC_Write
    mpu6050.o(i.MPU6050_Init) refers to stm32f1xx_hal.o(i.HAL_Delay) for HAL_Delay
    mpu6050.o(i.MPU6050_Init) refers to mpu6050.o(i.IIC_Read) for IIC_Read
    mpu6050.o(i.MPU6050_Init) refers to printfa.o(i.__0printf) for __2printf
    mpu6050.o(i.MPU6050_calibrate) refers to memseta.o(.text) for __aeabi_memclr4
    mpu6050.o(i.MPU6050_calibrate) refers to stm32f1xx_hal.o(i.HAL_Delay) for HAL_Delay
    mpu6050.o(i.MPU6050_calibrate) refers to mpu6050.o(i.MPU6050_Get) for MPU6050_Get
    mpu6050.o(i.MPU6050_calibrate) refers to mpu6050.o(.data) for .data
    pid.o(i.calculate_pd_output) refers to fadd.o(.text) for __aeabi_fsub
    pid.o(i.calculate_pd_output) refers to fdiv.o(.text) for __aeabi_fdiv
    pid.o(i.calculate_pd_output) refers to fmul.o(.text) for __aeabi_fmul
    pid.o(i.calculate_pd_output) refers to pid.o(.data) for .data
    pid.o(i.pd_control) refers to fadd.o(.text) for __aeabi_frsub
[...]
    .text                                    0x08000abc   Section        0  __dczerorl2.o(.text)
    i.BusFault_Handler                       0x08000b12   Section        0  stm32f1xx_it.o(i.BusFault_Handler)
    i.DMP_test                               0x08000b14   Section        0  dmp_test.o(i.DMP_test)
    i.DebugMon_Handler                       0x08000bd4   Section        0  stm32f1xx_it.o(i.DebugMon_Handler)
    i.EXTI0_IRQHandler                       0x08000bd6   Section        0  stm32f1xx_it.o(i.EXTI0_IRQHandler)
    i.Error_Handler                          0x08000bdc   Section        0  main.o(i.Error_Handler)
    i.HAL_DMA_Abort                          0x08000be0   Section        0  stm32f1xx_hal_dma.o(i.HAL_DMA_Abort)
    i.HAL_DMA_Abort_IT                       0x08000c28   Section        0  stm32f1xx_hal_dma.o(i.HAL_DMA_Abort_IT)
    i.HAL_Delay                              0x08000cc0   Section        0  stm32f1xx_hal.o(i.HAL_Delay)
    i.HAL_GPIO_EXTI_Callback                 0x08000ce4   Section        0  main.o(i.HAL_GPIO_EXTI_Callback)
    i.HAL_GPIO_EXTI_IRQHandler               0x08000d08   Section        0  stm32f1xx_hal_gpio.o(i.HAL_GPIO_EXTI_IRQHandler)
    i.HAL_GPIO_Init                          0x08000d20   Section        0  stm32f1xx_hal_gpio.o(i.HAL_GPIO_Init)
    i.HAL_GPIO_TogglePin                     0x08000f00   Section        0  stm32f1xx_hal_gpio.o(i.HAL_GPIO_TogglePin)
    i.HAL_GPIO_WritePin                      0x08000f10   Section        0  stm32f1xx_hal_gpio.o(i.HAL_GPIO_WritePin)
    i.HAL_GetTick                            0x08000f1c   Section        0  stm32f1xx_hal.o(i.HAL_GetTick)
    i.HAL_I2C_Init                           0x08000f28   Section        0  stm32f1xx_hal_i2c.o(i.HAL_I2C_Init)
    i.HAL_I2C_Mem_Read                       0x080010b0   Section        0  stm32f1xx_hal_i2c.o(i.HAL_I2C_Mem_Read)
    i.HAL_I2C_Mem_Write                      0x08001300   Section        0  stm32f1xx_hal_i2c.o(i.HAL_I2C_Mem_Write)
    i.HAL_I2C_MspInit                        0x08001430   Section        0  i2c.o(i.HAL_I2C_MspInit)
    i.HAL_IncTick                            0x0800149c   Section        0  stm32f1xx_hal.o(i.HAL_IncTick)
    i.HAL_Init                               0x080014ac   Section        0  stm32f1xx_hal.o(i.HAL_Init)
    i.HAL_InitTick                           0x080014d0   Section        0  stm32f1xx_hal.o(i.HAL_InitTick)
    i.HAL_MspInit                            0x08001510   Section        0  stm32f1xx_hal_msp.o(i.HAL_MspInit)
    i.HAL_NVIC_EnableIRQ                     0x0800154c   Section        0  stm32f1xx_hal_cortex.o(i.HAL_NVIC_EnableIRQ)
    i.HAL_NVIC_SetPriority                   0x08001568   Section        0  stm32f1xx_hal_cortex.o(i.HAL_NVIC_SetPriority)
    i.HAL_NVIC_SetPriorityGrouping           0x080015a8   Section        0  stm32f1xx_hal_cortex.o(i.HAL_NVIC_SetPriorityGrouping)
    i.HAL_RCC_ClockConfig                    0x080015cc   Section        0  stm32f1xx_hal_rcc.o(i.HAL_RCC_ClockConfig)
    i.HAL_RCC_GetPCLK1Freq                   0x080016f8   Section        0  stm32f1xx_hal_rcc.o(i.HAL_RCC_GetPCLK1Freq)
    i.HAL_RCC_GetPCLK2Freq                   0x08001718   Section        0  stm32f1xx_hal_rcc.o(i.HAL_RCC_GetPCLK2Freq)
    i.HAL_RCC_GetSysClockFreq                0x08001738   Section        0  stm32f1xx_hal_rcc.o(i.HAL_RCC_GetSysClockFreq)
    i.HAL_RCC_OscConfig                      0x080017a4   Section        0  stm32f1xx_hal_rcc.o(i.HAL_RCC_OscConfig)
    i.HAL_SYSTICK_Config                     0x08001ac4   Section        0  stm32f1xx_hal_cortex.o(i.HAL_SYSTICK_Config)
    i.HAL_TIMEx_MasterConfigSynchronization  0x08001aec   Section        0  stm32f1xx_hal_tim_ex.o(i.HAL_TIMEx_MasterConfigSynchronization)
    i.HAL_TIM_Base_Init                      0x08001b54   Section        0  stm32f1xx_hal_tim.o(i.HAL_TIM_Base_Init)
    i.HAL_TIM_Base_MspInit                   0x08001bb0   Section        0  tim.o(i.HAL_TIM_Base_MspInit)
    i.HAL_TIM_ConfigClockSource              0x08001bd4   Section        0  stm32f1xx_hal_tim.o(i.HAL_TIM_ConfigClockSource)
    i.HAL_TIM_MspPostInit                    0x08001cac   Section        0  tim.o(i.HAL_TIM_MspPostInit)
    i.HAL_TIM_PWM_ConfigChannel              0x08001d0c   Section        0  stm32f1xx_hal_tim.o(i.HAL_TIM_PWM_ConfigChannel)
    i.HAL_TIM_PWM_Init                       0x08001dd2   Section        0  stm32f1xx_hal_tim.o(i.HAL_TIM_PWM_Init)
    i.HAL_TIM_PWM_MspInit                    0x08001e2c   Section        0  stm32f1xx_hal_tim.o(i.HAL_TIM_PWM_MspInit)
    i.HAL_TIM_PWM_Start                      0x08001e30   Section        0  stm32f1xx_hal_tim.o(i.HAL_TIM_PWM_Start)
    i.HAL_UARTEx_RxEventCallback             0x08001ecc   Section        0  stm32f1xx_hal_uart.o(i.HAL_UARTEx_RxEventCallback)
    i.HAL_UART_ErrorCallback                 0x08001ece   Section        0  stm32f1xx_hal_uart.o(i.HAL_UART_ErrorCallback)
    i.HAL_UART_IRQHandler                    0x08001ed0   Section        0  stm32f1xx_hal_uart.o(i.HAL_UART_IRQHandler)
    i.HAL_UART_Init                          0x080020dc   Section        0  stm32f1xx_hal_uart.o(i.HAL_UART_Init)
    i.HAL_UART_MspInit                       0x08002140   Section        0  usart.o(i.HAL_UART_MspInit)
    i.HAL_UART_RxCpltCallback                0x080021c0   Section        0  stm32f1xx_hal_uart.o(i.HAL_UART_RxCpltCallback)
    i.HAL_UART_Transmit                      0x080021c4   Section        0  stm32f1xx_hal_uart.o(i.HAL_UART_Transmit)
    i.HAL_UART_TxCpltCallback                0x08002276   Section        0  stm32f1xx_hal_uart.o(i.HAL_UART_TxCpltCallback)
    i.HardFault_Handler                      0x08002278   Section        0  stm32f1xx_it.o(i.HardFault_Handler)
    i.I2C_IsAcknowledgeFailed                0x0800227a   Section        0  stm32f1xx_hal_i2c.o(i.I2C_IsAcknowledgeFailed)
    I2C_IsAcknowledgeFailed                  0x0800227b   Thumb Code    46  stm32f1xx_hal_i2c.o(i.I2C_IsAcknowledgeFailed)
    i.I2C_RequestMemoryRead                  0x080022a8   Section        0  stm32f1xx_hal_i2c.o(i.I2C_RequestMemoryRead)
    I2C_RequestMemoryRead                    0x080022a9   Thumb Code   246  stm32f1xx_hal_i2c.o(i.I2C_RequestMemoryRead)
    i.I2C_RequestMemoryWrite                 0x080023a4   Section        0  stm32f1xx_hal_i2c.o(i.I2C_RequestMemoryWrite)
    I2C_RequestMemoryWrite                   0x080023a5   Thumb Code   162  stm32f1xx_hal_i2c.o(i.I2C_RequestMemoryWrite)
    i.I2C_WaitOnBTFFlagUntilTimeout          0x0800244c   Section        0  stm32f1xx_hal_i2c.o(i.I2C_WaitOnBTFFlagUntilTimeout)
    I2C_WaitOnBTFFlagUntilTimeout            0x0800244d   Thumb Code    76  stm32f1xx_hal_i2c.o(i.I2C_WaitOnBTFFlagUntilTimeout)
    i.I2C_WaitOnFlagUntilTimeout             0x08002498   Section        0  stm32f1xx_hal_i2c.o(i.I2C_WaitOnFlagUntilTimeout)
    I2C_WaitOnFlagUntilTimeout               0x08002499   Thumb Code   104  stm32f1xx_hal_i2c.o(i.I2C_WaitOnFlagUntilTimeout)
    i.I2C_WaitOnMasterAddressFlagUntilTimeout 0x08002500   Section        0  stm32f1xx_hal_i2c.o(i.I2C_WaitOnMasterAddressFlagUntilTimeout)
    I2C_WaitOnMasterAddressFlagUntilTimeout  0x08002501   Thumb Code   150  stm32f1xx_hal_i2c.o(i.I2C_WaitOnMasterAddressFlagUntilTimeout)
    i.I2C_WaitOnRXNEFlagUntilTimeout         0x08002596   Section        0  stm32f1xx_hal_i2c.o(i.I2C_WaitOnRXNEFlagUntilTimeout)
    I2C_WaitOnRXNEFlagUntilTimeout           0x08002597   Thumb Code   102  stm32f1xx_hal_i2c.o(i.I2C_WaitOnRXNEFlagUntilTimeout)
    i.I2C_WaitOnTXEFlagUntilTimeout          0x080025fc   Section        0  stm32f1xx_hal_i2c.o(i.I2C_WaitOnTXEFlagUntilTimeout)
    I2C_WaitOnTXEFlagUntilTimeout            0x080025fd   Thumb Code    76  stm32f1xx_hal_i2c.o(i.I2C_WaitOnTXEFlagUntilTimeout)
    i.MX_GPIO_Init                           0x08002648   Section        0  gpio.o(i.MX_GPIO_Init)
    i.MX_I2C1_Init                           0x080026f0   Section        0  i2c.o(i.MX_I2C1_Init)
    i.MX_TIM2_Init                           0x08002730   Section        0  tim.o(i.MX_TIM2_Init)
    i.MX_USART1_UART_Init                    0x080027d8   Section        0  usart.o(i.MX_USART1_UART_Init)
    i.MemManage_Handler                      0x08002810   Section        0  stm32f1xx_it.o(i.MemManage_Handler)
    i.NMI_Handler                            0x08002812   Section        0  stm32f1xx_it.o(i.NMI_Handler)
    i.OLED_Clear                             0x08002814   Section        0  oled.o(i.OLED_Clear)
    i.OLED_Init                              0x08002850   Section        0  oled.o(i.OLED_Init)
    i.OLED_Set_Pos                           0x08002994   Section        0  oled.o(i.OLED_Set_Pos)
    i.OLED_ShowCHinese                       0x080029c0   Section        0  oled.o(i.OLED_ShowCHinese)
    i.OLED_ShowChar                          0x08002a10   Section        0  oled.o(i.OLED_ShowChar)
    i.OLED_ShowNum                           0x08002a74   Section        0  oled.o(i.OLED_ShowNum)
    i.OLED_ShowString                        0x08002ad6   Section        0  oled.o(i.OLED_ShowString)
    i.OLED_WR_Byte                           0x08002b08   Section        0  oled.o(i.OLED_WR_Byte)
    i.PendSV_Handler                         0x08002b8c   Section        0  stm32f1xx_it.o(i.PendSV_Handler)
    i.SVC_Handler                            0x08002b8e   Section        0  stm32f1xx_it.o(i.SVC_Handler)
    i.SysTick_Handler                        0x08002b90   Section        0  stm32f1xx_it.o(i.SysTick_Handler)
    i.SystemClock_Config                     0x08002b94   Section        0  main.o(i.SystemClock_Config)
    i.SystemInit                             0x08002bf2   Section        0  system_stm32f1xx.o(i.SystemInit)
    i.TIM_Base_SetConfig                     0x08002bf4   Section        0  stm32f1xx_hal_tim.o(i.TIM_Base_SetConfig)
    i.TIM_CCxChannelCmd                      0x08002c60   Section        0  stm32f1xx_hal_tim.o(i.TIM_CCxChannelCmd)
    i.TIM_ETR_SetConfig                      0x08002c7a   Section        0  stm32f1xx_hal_tim.o(i.TIM_ETR_SetConfig)
    i.TIM_ITRx_SetConfig                     0x08002c8e   Section        0  stm32f1xx_hal_tim.o(i.TIM_ITRx_SetConfig)
    TIM_ITRx_SetConfig                       0x08002c8f   Thumb Code    16  stm32f1xx_hal_tim.o(i.TIM_ITRx_SetConfig)
    i.TIM_OC1_SetConfig                      0x08002ca0   Section        0  stm32f1xx_hal_tim.o(i.TIM_OC1_SetConfig)
    TIM_OC1_SetConfig                        0x08002ca1   Thumb Code    74  stm32f1xx_hal_tim.o(i.TIM_OC1_SetConfig)
    i.TIM_OC2_SetConfig                      0x08002cf0   Section        0  stm32f1xx_hal_tim.o(i.TIM_OC2_SetConfig)
    i.TIM_OC3_SetConfig                      0x08002d48   Section        0  stm32f1xx_hal_tim.o(i.TIM_OC3_SetConfig)
    TIM_OC3_SetConfig                        0x08002d49   Thumb Code    82  stm32f1xx_hal_tim.o(i.TIM_OC3_SetConfig)
    i.TIM_OC4_SetConfig                      0x08002da0   Section        0  stm32f1xx_hal_tim.o(i.TIM_OC4_SetConfig)
    TIM_OC4_SetConfig                        0x08002da1   Thumb Code    64  stm32f1xx_hal_tim.o(i.TIM_OC4_SetConfig)
    i.TIM_TI1_ConfigInputStage               0x08002de4   Section        0  stm32f1xx_hal_tim.o(i.TIM_TI1_ConfigInputStage)
    TIM_TI1_ConfigInputStage                 0x08002de5   Thumb Code    34  stm32f1xx_hal_tim.o(i.TIM_TI1_ConfigInputStage)
    i.TIM_TI2_ConfigInputStage               0x08002e06   Section        0  stm32f1xx_hal_tim.o(i.TIM_TI2_ConfigInputStage)
    TIM_TI2_ConfigInputStage                 0x08002e07   Thumb Code    36  stm32f1xx_hal_tim.o(i.TIM_TI2_ConfigInputStage)
    i.UART_DMAAbortOnError                   0x08002e2a   Section        0  stm32f1xx_hal_uart.o(i.UART_DMAAbortOnError)
    UART_DMAAbortOnError                     0x08002e2b   Thumb Code    16  stm32f1xx_hal_uart.o(i.UART_DMAAbortOnError)
    i.UART_EndRxTransfer                     0x08002e3a   Section        0  stm32f1xx_hal_uart.o(i.UART_EndRxTransfer)
    UART_EndRxTransfer                       0x08002e3b   Thumb Code    48  stm32f1xx_hal_uart.o(i.UART_EndRxTransfer)
    i.UART_Receive_IT                        0x08002e6a   Section        0  stm32f1xx_hal_uart.o(i.UART_Receive_IT)
    UART_Receive_IT                          0x08002e6b   Thumb Code   182  stm32f1xx_hal_uart.o(i.UART_Receive_IT)
    i.UART_SetConfig                         0x08002f20   Section        0  stm32f1xx_hal_uart.o(i.UART_SetConfig)
    UART_SetConfig                           0x08002f21   Thumb Code   178  stm32f1xx_hal_uart.o(i.UART_SetConfig)
    i.UART_WaitOnFlagUntilTimeout            0x08002fd8   Section        0  stm32f1xx_hal_uart.o(i.UART_WaitOnFlagUntilTimeout)
    UART_WaitOnFlagUntilTimeout              0x08002fd9   Thumb Code   100  stm32f1xx_hal_uart.o(i.UART_WaitOnFlagUntilTimeout)
    i.USART1_IRQHandler                      0x0800303c   Section        0  stm32f1xx_it.o(i.USART1_IRQHandler)
    i.UsageFault_Handler                     0x08003048   Section        0  stm32f1xx_it.o(i.UsageFault_Handler)
    i.__0printf                              0x0800304c   Section        0  printfa.o(i.__0printf)
    i.__ARM_fpclassify                       0x0800306c   Section        0  fpclassify.o(i.__ARM_fpclassify)
    i.__NVIC_SetPriority                     0x08003094   Section        0  stm32f1xx_hal_cortex.o(i.__NVIC_SetPriority)
    __NVIC_SetPriority                       0x08003095   Thumb Code    32  stm32f1xx_hal_cortex.o(i.__NVIC_SetPriority)
    i.__kernel_poly                          0x080030b4   Section        0  poly.o(i.__kernel_poly)
    i.__mathlib_dbl_infnan                   0x0800315e   Section        0  dunder.o(i.__mathlib_dbl_infnan)
    i.__mathlib_dbl_infnan2                  0x08003164   Section        0  dunder.o(i.__mathlib_dbl_infnan2)
    i.__mathlib_dbl_invalid                  0x08003168   Section        0  dunder.o(i.__mathlib_dbl_invalid)
    i.__mathlib_dbl_underflow                0x08003174   Section        0  dunder.o(i.__mathlib_dbl_underflow)
    i.__scatterload_copy                     0x08003184   Section       14  handlers.o(i.__scatterload_copy)
    i.__scatterload_null                     0x08003192   Section        2  handlers.o(i.__scatterload_null)
    i.__scatterload_zeroinit                 0x08003194   Section       14  handlers.o(i.__scatterload_zeroinit)
    i.__set_errno                            0x080031a4   Section        0  errno.o(i.__set_errno)
    i._fp_digits                             0x080031b0   Section        0  printfa.o(i._fp_digits)
    _fp_digits                               0x080031b1   Thumb Code   366  printfa.o(i._fp_digits)
    i._printf_core                           0x08003334   Section        0  printfa.o(i._printf_core)
    _printf_core                             0x08003335   Thumb Code  1744  printfa.o(i._printf_core)
    i._printf_post_padding                   0x08003a10   Section        0  printfa.o(i._printf_post_padding)
    _printf_post_padding                     0x08003a11   Thumb Code    36  printfa.o(i._printf_post_padding)
    i._printf_pre_padding                    0x08003a34   Section        0  printfa.o(i._printf_pre_padding)
    _printf_pre_padding                      0x08003a35   Thumb Code    46  printfa.o(i._printf_pre_padding)
    i.accel_self_test                        0x08003a64   Section        0  inv_mpu.o(i.accel_self_test)
    accel_self_test                          0x08003a65   Thumb Code   120  inv_mpu.o(i.accel_self_test)
    i.asin                                   0x08003ae8   Section        0  asin.o(i.asin)
    i.atan                                   0x08003d58   Section        0  atan.o(i.atan)
    i.atan2                                  0x08003f78   Section        0  atan2.o(i.atan2)
    i.calculate_pd_output                    0x080040f8   Section        0  pid.o(i.calculate_pd_output)
    i.dmp_enable_6x_lp_quat                  0x08004134   Section        0  inv_mpu_dmp_motion_driver.o(i.dmp_enable_6x_lp_quat)
    i.dmp_enable_feature                     0x08004170   Section        0  inv_mpu_dmp_motion_driver.o(i.dmp_enable_feature)
    i.dmp_enable_gyro_cal                    0x08004348   Section        0  inv_mpu_dmp_motion_driver.o(i.dmp_enable_gyro_cal)
    i.dmp_enable_lp_quat                     0x08004384   Section        0  inv_mpu_dmp_motion_driver.o(i.dmp_enable_lp_quat)
    i.dmp_load_motion_driver_firmware        0x080043c0   Section        0  inv_mpu_dmp_motion_driver.o(i.dmp_load_motion_driver_firmware)
    i.dmp_read_fifo                          0x080043d4   Section        0  inv_mpu_dmp_motion_driver.o(i.dmp_read_fifo)
    i.dmp_set_accel_bias                     0x0800451c   Section        0  inv_mpu_dmp_motion_driver.o(i.dmp_set_accel_bias)
    i.dmp_set_fifo_rate                      0x080045f4   Section        0  inv_mpu_dmp_motion_driver.o(i.dmp_set_fifo_rate)
    i.dmp_set_gyro_bias                      0x08004658   Section        0  inv_mpu_dmp_motion_driver.o(i.dmp_set_gyro_bias)
    i.dmp_set_orientation                    0x08004724   Section        0  inv_mpu_dmp_motion_driver.o(i.dmp_set_orientation)
    i.dmp_set_shake_reject_thresh            0x08004830   Section        0  inv_mpu_dmp_motion_driver.o(i.dmp_set_shake_reject_thresh)
    i.dmp_set_shake_reject_time              0x08004860   Section        0  inv_mpu_dmp_motion_driver.o(i.dmp_set_shake_reject_time)
    i.dmp_set_shake_reject_timeout           0x08004880   Section        0  inv_mpu_dmp_motion_driver.o(i.dmp_set_shake_reject_timeout)
    i.dmp_set_tap_axes                       0x080048a0   Section        0  inv_mpu_dmp_motion_driver.o(i.dmp_set_tap_axes)
    i.dmp_set_tap_count                      0x080048e0   Section        0  inv_mpu_dmp_motion_driver.o(i.dmp_set_tap_count)
    i.dmp_set_tap_thresh                     0x08004904   Section        0  inv_mpu_dmp_motion_driver.o(i.dmp_set_tap_thresh)
    i.dmp_set_tap_time                       0x08004a2c   Section        0  inv_mpu_dmp_motion_driver.o(i.dmp_set_tap_time)
    i.dmp_set_tap_time_multi                 0x08004a4c   Section        0  inv_mpu_dmp_motion_driver.o(i.dmp_set_tap_time_multi)
    i.fputc                                  0x08004a6c   Section        0  usart.o(i.fputc)
    i.get_accel_prod_shift                   0x08004a84   Section        0  inv_mpu.o(i.get_accel_prod_shift)
    get_accel_prod_shift                     0x08004a85   Thumb Code   170  inv_mpu.o(i.get_accel_prod_shift)
    i.get_st_biases                          0x08004b40   Section        0  inv_mpu.o(i.get_st_biases)
    get_st_biases                            0x08004b41   Thumb Code  1016  inv_mpu.o(i.get_st_biases)
    i.gyro_self_test                         0x08004f40   Section        0  inv_mpu.o(i.gyro_self_test)
    gyro_self_test                           0x08004f41   Thumb Code   208  inv_mpu.o(i.gyro_self_test)
    i.inv_orientation_matrix_to_scalar       0x08005028   Section        0  dmp_test.o(i.inv_orientation_matrix_to_scalar)
    i.inv_row_2_scale                        0x0800504a   Section        0  dmp_test.o(i.inv_row_2_scale)
    i.main                                   0x08005094   Section        0  main.o(i.main)
    i.mpu_configure_fifo                     0x080051d0   Section        0  inv_mpu.o(i.mpu_configure_fifo)
    i.mpu_dmp_get_data                       0x08005224   Section        0  dmp_test.o(i.mpu_dmp_get_data)
    i.mpu_dmp_init                           0x080053c0   Section        0  dmp_test.o(i.mpu_dmp_init)
    i.mpu_get_accel_fsr                      0x08005460   Section        0  inv_mpu.o(i.mpu_get_accel_fsr)
    i.mpu_get_accel_sens                     0x0800549c   Section        0  inv_mpu.o(i.mpu_get_accel_sens)
    i.mpu_get_gyro_fsr                       0x080054e0   Section        0  inv_mpu.o(i.mpu_get_gyro_fsr)
    i.mpu_get_gyro_sens                      0x08005514   Section        0  inv_mpu.o(i.mpu_get_gyro_sens)
    i.mpu_get_lpf                            0x08005554   Section        0  inv_mpu.o(i.mpu_get_lpf)
    i.mpu_get_sample_rate                    0x0800558c   Section        0  inv_mpu.o(i.mpu_get_sample_rate)
    i.mpu_init                               0x080055a8   Section        0  inv_mpu.o(i.mpu_init)
    i.mpu_load_firmware                      0x080056fc   Section        0  inv_mpu.o(i.mpu_load_firmware)
    i.mpu_lp_accel_mode                      0x080057a8   Section        0  inv_mpu.o(i.mpu_lp_accel_mode)
    i.mpu_read_fifo_stream                   0x08005878   Section        0  inv_mpu.o(i.mpu_read_fifo_stream)
    i.mpu_read_mem                           0x08005934   Section        0  inv_mpu.o(i.mpu_read_mem)
    i.mpu_reset_fifo                         0x080059a4   Section        0  inv_mpu.o(i.mpu_reset_fifo)
    i.mpu_run_self_test                      0x08005b58   Section        0  inv_mpu.o(i.mpu_run_self_test)
    i.mpu_set_accel_fsr                      0x08005c48   Section        0  inv_mpu.o(i.mpu_set_accel_fsr)
    i.mpu_set_bypass                         0x08005cc0   Section        0  inv_mpu.o(i.mpu_set_bypass)
    i.mpu_set_dmp_state                      0x08005dec   Section        0  inv_mpu.o(i.mpu_set_dmp_state)
    i.mpu_set_gyro_fsr                       0x08005e7c   Section        0  inv_mpu.o(i.mpu_set_gyro_fsr)
    i.mpu_set_int_latched                    0x08005ef8   Section        0  inv_mpu.o(i.mpu_set_int_latched)
    i.mpu_set_lpf                            0x08005f6c   Section        0  inv_mpu.o(i.mpu_set_lpf)
    i.mpu_set_sample_rate                    0x08005fec   Section        0  inv_mpu.o(i.mpu_set_sample_rate)
    i.mpu_set_sensors                        0x08006080   Section        0  inv_mpu.o(i.mpu_set_sensors)
    i.mpu_write_mem                          0x0800615c   Section        0  inv_mpu.o(i.mpu_write_mem)
    i.oled_pow                               0x080061cc   Section        0  oled.o(i.oled_pow)
    i.pd_control                             0x080061dc   Section        0  pid.o(i.pd_control)
    i.run_self_test                          0x08006254   Section        0  dmp_test.o(i.run_self_test)
    i.set_int_enable                         0x080062d4   Section        0  inv_mpu.o(i.set_int_enable)
    set_int_enable                           0x080062d5   Thumb Code   110  inv_mpu.o(i.set_int_enable)
    i.sqrt                                   0x0800634c   Section        0  sqrt.o(i.sqrt)
    .constdata                               0x08006398   Section     1520  oled.o(.constdata)
    .constdata                               0x08006988   Section       16  system_stm32f1xx.o(.constdata)
    .constdata                               0x08006998   Section        8  system_stm32f1xx.o(.constdata)
    .constdata                               0x080069a0   Section       30  inv_mpu.o(.constdata)
    .constdata                               0x080069be   Section       12  inv_mpu.o(.constdata)
    .constdata                               0x080069cc   Section       40  inv_mpu.o(.constdata)
    .constdata                               0x080069f4   Section     3062  inv_mpu_dmp_motion_driver.o(.constdata)
    dmp_memory                               0x080069f4   Data        3062  inv_mpu_dmp_motion_driver.o(.constdata)
    .constdata                               0x080075f0   Section       80  asin.o(.constdata)
    pS                                       0x080075f0   Data          48  asin.o(.constdata)
    qS                                       0x08007620   Data          32  asin.o(.constdata)
    .constdata                               0x08007640   Section      152  atan.o(.constdata)
    atanhi                                   0x08007640   Data          32  atan.o(.constdata)
    atanlo                                   0x08007660   Data          32  atan.o(.constdata)
    aTodd                                    0x08007680   Data          40  atan.o(.constdata)
    aTeven                                   0x080076a8   Data          48  atan.o(.constdata)
    .constdata                               0x080076d8   Section        8  qnan.o(.constdata)
    .data                                    0x20000000   Section      256  oled.o(.data)
    .data                                    0x20000100   Section        8  pid.o(.data)
    last_angle                               0x20000100   Data           4  pid.o(.data)
    angle                                    0x20000104   Data           4  pid.o(.data)
    .data                                    0x20000108   Section        8  main.o(.data)
    pid_out                                  0x20000108   Data           4  main.o(.data)
    .data                                    0x20000110   Section       12  stm32f1xx_hal.o(.data)
    .data                                    0x2000011c   Section        4  system_stm32f1xx.o(.data)
    .data                                    0x20000120   Section        9  dmp_test.o(.data)
    gyro_orientation                         0x20000120   Data           9  dmp_test.o(.data)
    .data                                    0x2000012c   Section       44  inv_mpu.o(.data)
    st                                       0x2000012c   Data          44  inv_mpu.o(.data)
    .data                                    0x20000158   Section        4  stdout.o(.data)
    .data                                    0x2000015c   Section        4  errno.o(.data)
    _errno                                   0x2000015c   Data           4  errno.o(.data)
    .bss                                     0x20000160   Section       84  i2c.o(.bss)
    .bss                                     0x200001b4   Section       72  tim.o(.bss)
    .bss                                     0x200001fc   Section      132  usart.o(.bss)
    .bss                                     0x20000280   Section       16  inv_mpu_dmp_motion_driver.o(.bss)
    dmp                                      0x20000280   Data          16  inv_mpu_dmp_motion_driver.o(.bss)
    STACK                                    0x20000290   Section     1024  startup_stm32f103xb.o(STACK)

    Global Symbols

    Symbol Name                              Value     Ov Type        Size  Object(Section)

    BuildAttributes$$THM_ISAv4$P$D$K$B$S$PE$A:L22UL41UL21$X:L11$S22US41US21$IEEE1$IW$USESV6$~STKCKD$USESV7$~SHL$OTIME$ROPI$IEEEX$EBA8$MICROLIB$REQ8$PRES8$EABIv2 0x00000000   Number         0  anon$$obj.o ABSOLUTE
    __ARM_use_no_argv                        0x00000000   Number         0  main.o ABSOLUTE
    _printf_a                                0x00000000   Number         0  stubs.o ABSOLUTE
    _printf_c                                0x00000000   Number         0  stubs.o ABSOLUTE
    _printf_charcount                        0x00000000   Number         0  stubs.o ABSOLUTE
    _printf_d                                0x00000000   Number         0  stubs.o ABSOLUTE
    _printf_e                                0x00000000   Number         0  stubs.o ABSOLUTE
    _printf_f                                0x00000000   Number         0  stubs.o ABSOLUTE
    _printf_flags                            0x00000000   Number         0  stubs.o ABSOLUTE
    _printf_fp_dec                           0x00000000   Number         0  stubs.o ABSOLUTE
    _printf_fp_hex                           0x00000000   Number         0  stubs.o ABSOLUTE
    _printf_g                                0x00000000   Number         0  stubs.o ABSOLUTE
    _printf_i                                0x00000000   Number         0  stubs.o ABSOLUTE
    _printf_int_dec                          0x00000000   Number         0  stubs.o ABSOLUTE
    _printf_l                                0x00000000   Number         0  stubs.o ABSOLUTE
    _printf_lc                               0x00000000   Number         0  stubs.o ABSOLUTE
    _printf_ll                               0x00000000   Number         0  stubs.o ABSOLUTE
    _printf_lld                              0x00000000   Number         0  stubs.o ABSOLUTE
    _printf_lli                              0x00000000   Number         0  stubs.o ABSOLUTE
    _printf_llo                              0x00000000   Number         0  stubs.o ABSOLUTE
    _printf_llu                              0x00000000   Number         0  stubs.o ABSOLUTE
    _printf_llx                              0x00000000   Number         0  stubs.o ABSOLUTE
    _printf_longlong_dec                     0x00000000   Number         0  stubs.o ABSOLUTE
    _printf_longlong_hex                     0x00000000   Number         0  stubs.o ABSOLUTE
    _printf_longlong_oct                     0x00000000   Number         0  stubs.o ABSOLUTE
    _printf_ls                               0x00000000   Number         0  stubs.o ABSOLUTE
    _printf_mbtowc                           0x00000000   Number         0  stubs.o ABSOLUTE
    _printf_n                                0x00000000   Number         0  stubs.o ABSOLUTE
    _printf_o                                0x00000000   Number         0  stubs.o ABSOLUTE
    _printf_p                                0x00000000   Number         0  stubs.o ABSOLUTE
    _printf_percent                          0x00000000   Number         0  stubs.o ABSOLUTE
    _printf_pre_padding                      0x00000000   Number         0  stubs.o ABSOLUTE
    _printf_return_value                     0x00000000   Number         0  stubs.o ABSOLUTE
    _printf_s                                0x00000000   Number         0  stubs.o ABSOLUTE
    _printf_sizespec                         0x00000000   Number         0  stubs.o ABSOLUTE
    _printf_str                              0x00000000   Number         0  stubs.o ABSOLUTE
    _printf_truncate_signed                  0x00000000   Number         0  stubs.o ABSOLUTE
    _printf_truncate_unsigned                0x00000000   Number         0  stubs.o ABSOLUTE
    _printf_u                                0x00000000   Number         0  stubs.o ABSOLUTE
    _printf_wc                               0x00000000   Number         0  stubs.o ABSOLUTE
    _printf_wctomb                           0x00000000   Number         0  stubs.o ABSOLUTE
    _printf_widthprec                        0x00000000   Number         0  stubs.o ABSOLUTE
    _printf_x                                0x00000000   Number         0  stubs.o ABSOLUTE
    __cpp_initialize__aeabi_                  - Undefined Weak Reference
    __cxa_finalize                            - Undefined Weak Reference
    _clock_init                               - Undefined Weak Reference
    _microlib_exit                            - Undefined Weak Reference
    __Vectors_Size                           0x000000ec   Number         0  startup_stm32f103xb.o ABSOLUTE
    __Vectors                                0x08000000   Data           4  startup_stm32f103xb.o(RESET)
    __Vectors_End                            0x080000ec   Data           0  startup_stm32f103xb.o(RESET)
    __main                                   0x080000ed   Thumb Code     0  entry.o(.ARM.Collect$$$$00000000)
    _main_stk                                0x080000ed   Thumb Code     0  entry2.o(.ARM.Collect$$$$00000001)
    _main_scatterload                        0x080000f1   Thumb Code     0  entry5.o(.ARM.Collect$$$$00000004)
    __main_after_scatterload                 0x080000f5   Thumb Code     0  entry5.o(.ARM.Collect$$$$00000004)
    _main_clock                              0x080000f5   Thumb Code     0  entry7b.o(.ARM.Collect$$$$00000008)
    _main_cpp_init                           0x080000f5   Thumb Code     0  entry8b.o(.ARM.Collect$$$$0000000A)
    _main_init                               0x080000f5   Thumb Code     0  entry9a.o(.ARM.Collect$$$$0000000B)
    __rt_final_cpp                           0x080000fd   Thumb Code     0  entry10a.o(.ARM.Collect$$$$0000000D)
    __rt_final_exit                          0x080000fd   Thumb Code     0  entry11a.o(.ARM.Collect$$$$0000000F)
    Reset_Handler                            0x08000101   Thumb Code     8  startup_stm32f103xb.o(.text)
    ADC1_2_IRQHandler                        0x0800011b   Thumb Code     0  startup_stm32f103xb.o(.text)
    CAN1_RX1_IRQHandler                      0x0800011b   Thumb Code     0  startup_stm32f103xb.o(.text)
    CAN1_SCE_IRQHandler                      0x0800011b   Thumb Code     0  startup_stm32f103xb.o(.text)
    DMA1_Channel1_IRQHandler                 0x0800011b   Thumb Code     0  startup_stm32f103xb.o(.text)
    DMA1_Channel2_IRQHandler                 0x0800011b   Thumb Code     0  startup_stm32f103xb.o(.text)
    DMA1_Channel3_IRQHandler                 0x0800011b   Thumb Code     0  startup_stm32f103xb.o(.text)
    DMA1_Channel4_IRQHandler                 0x0800011b   Thumb Code     0  startup_stm32f103xb.o(.text)
    DMA1_Channel5_IRQHandler                 0x0800011b   Thumb Code     0  startup_stm32f103xb.o(.text)
    DMA1_Channel6_IRQHandler                 0x0800011b   Thumb Code     0  startup_stm32f103xb.o(.text)
    DMA1_Channel7_IRQHandler                 0x0800011b   Thumb Code     0  startup_stm32f103xb.o(.text)
    EXTI15_10_IRQHandler                     0x0800011b   Thumb Code     0  startup_stm32f103xb.o(.text)
    EXTI1_IRQHandler                         0x0800011b   Thumb Code     0  startup_stm32f103xb.o(.text)
    EXTI2_IRQHandler                         0x0800011b   Thumb Code     0  startup_stm32f103xb.o(.text)
    EXTI3_IRQHandler                         0x0800011b   Thumb Code     0  startup_stm32f103xb.o(.text)
    EXTI4_IRQHandler                         0x0800011b   Thumb Code     0  startup_stm32f103xb.o(.text)
    EXTI9_5_IRQHandler                       0x0800011b   Thumb Code     0  startup_stm32f103xb.o(.text)
    FLASH_IRQHandler                         0x0800011b   Thumb Code     0  startup_stm32f103xb.o(.text)
    I2C1_ER_IRQHandler                       0x0800011b   Thumb Code     0  startup_stm32f103xb.o(.text)
    I2C1_EV_IRQHandler                       0x0800011b   Thumb Code     0  startup_stm32f103xb.o(.text)
    I2C2_ER_IRQHandler                       0x0800011b   Thumb Code     0  startup_stm32f103xb.o(.text)
    I2C2_EV_IRQHandler                       0x0800011b   Thumb Code     0  startup_stm32f103xb.o(.text)
    PVD_IRQHandler                           0x0800011b   Thumb Code     0  startup_stm32f103xb.o(.text)
    RCC_IRQHandler                           0x0800011b   Thumb Code     0  startup_stm32f103xb.o(.text)
    RTC_Alarm_IRQHandler                     0x0800011b   Thumb Code     0  startup_stm32f103xb.o(.text)
    RTC_IRQHandler                           0x0800011b   Thumb Code     0  startup_stm32f103xb.o(.text)
    SPI1_IRQHandler                          0x0800011b   Thumb Code     0  startup_stm32f103xb.o(.text)
    SPI2_IRQHandler                          0x0800011b   Thumb Code     0  startup_stm32f103xb.o(.text)
    TAMPER_IRQHandler                        0x0800011b   Thumb Code     0  startup_stm32f103xb.o(.text)
    TIM1_BRK_IRQHandler                      0x0800011b   Thumb Code     0  startup_stm32f103xb.o(.text)
    TIM1_CC_IRQHandler                       0x0800011b   Thumb Code     0  startup_stm32f103xb.o(.text)
    TIM1_TRG_COM_IRQHandler                  0x0800011b   Thumb Code     0  startup_stm32f103xb.o(.text)
    TIM1_UP_IRQHandler                       0x0800011b   Thumb Code     0  startup_stm32f103xb.o(.text)
    TIM2_IRQHandler                          0x0800011b   Thumb Code     0  startup_stm32f103xb.o(.text)
    TIM3_IRQHandler                          0x0800011b   Thumb Code     0  startup_stm32f103xb.o(.text)
    TIM4_IRQHandler                          0x0800011b   Thumb Code     0  startup_stm32f103xb.o(.text)
    USART2_IRQHandler                        0x0800011b   Thumb Code     0  startup_stm32f103xb.o(.text)
    USART3_IRQHandler                        0x0800011b   Thumb Code     0  startup_stm32f103xb.o(.text)
    USBWakeUp_IRQHandler                     0x0800011b   Thumb Code     0  startup_stm32f103xb.o(.text)
    USB_HP_CAN1_TX_IRQHandler                0x0800011b   Thumb Code     0  startup_stm32f103xb.o(.text)
    USB_LP_CAN1_RX0_IRQHandler               0x0800011b   Thumb Code     0  startup_stm32f103xb.o(.text)
    WWDG_IRQHandler                          0x0800011b   Thumb Code     0  startup_stm32f103xb.o(.text)
    __aeabi_ldivmod                          0x08000125   Thumb Code    98  ldiv.o(.text)
    __aeabi_llsr                             0x08000187   Thumb Code    32  llushr.o(.text)
    _ll_ushift_r                             0x08000187   Thumb Code     0  llushr.o(.text)
    __aeabi_memset                           0x080001a7   Thumb Code    14  memseta.o(.text)
    __aeabi_memset4                          0x080001a7   Thumb Code     0  memseta.o(.text)
    __aeabi_memset8                          0x080001a7   Thumb Code     0  memseta.o(.text)
    __aeabi_memclr                           0x080001b5   Thumb Code     4  memseta.o(.text)
    __aeabi_memclr4                          0x080001b5   Thumb Code     0  memseta.o(.text)
    __aeabi_memclr8                          0x080001b5   Thumb Code     0  memseta.o(.text)
    _memset$wrapper                          0x080001b9   Thumb Code    18  memseta.o(.text)
    memcmp                                   0x080001cb   Thumb Code    26  memcmp.o(.text)
    __aeabi_fadd                             0x080001e5   Thumb Code   164  fadd.o(.text)
    __aeabi_fsub                             0x08000289   Thumb Code     6  fadd.o(.text)
    __aeabi_frsub                            0x0800028f   Thumb Code     6  fadd.o(.text)
    __aeabi_fmul                             0x08000295   Thumb Code   100  fmul.o(.text)
    __aeabi_fdiv                             0x080002f9   Thumb Code   124  fdiv.o(.text)
    __ARM_scalbnf                            0x08000375   Thumb Code    24  fscalb.o(.text)
    scalbnf                                  0x08000375   Thumb Code     0  fscalb.o(.text)
    __aeabi_dmul                             0x0800038d   Thumb Code   228  dmul.o(.text)
    __aeabi_i2f                              0x08000471   Thumb Code    18  fflti.o(.text)
    __aeabi_ui2f                             0x08000483   Thumb Code    10  ffltui.o(.text)
    __aeabi_f2iz                             0x0800048d   Thumb Code    50  ffixi.o(.text)
    __aeabi_f2uiz                            0x080004bf   Thumb Code    40  ffixui.o(.text)
    __aeabi_f2d                              0x080004e7   Thumb Code    38  f2d.o(.text)
    __aeabi_d2f                              0x0800050d   Thumb Code    56  d2f.o(.text)
    __aeabi_uidiv                            0x08000545   Thumb Code     0  uidiv.o(.text)
    __aeabi_uidivmod                         0x08000545   Thumb Code    44  uidiv.o(.text)
    __aeabi_uldivmod                         0x08000571   Thumb Code    98  uldiv.o(.text)
    __I$use$fp                               0x080005d3   Thumb Code     0  iusefp.o(.text)
    _float_round                             0x080005d3   Thumb Code    18  fepilogue.o(.text)
    _float_epilogue                          0x080005e5   Thumb Code    92  fepilogue.o(.text)
    _double_round                            0x08000641   Thumb Code    30  depilogue.o(.text)
    _double_epilogue                         0x0800065f   Thumb Code   156  depilogue.o(.text)
    __aeabi_dadd                             0x080006fb   Thumb Code   322  dadd.o(.text)
    __aeabi_dsub                             0x0800083d   Thumb Code     6  dadd.o(.text)
    __aeabi_drsub                            0x08000843   Thumb Code     6  dadd.o(.text)
    __aeabi_ddiv                             0x08000849   Thumb Code   222  ddiv.o(.text)
    __ARM_scalbn                             0x08000927   Thumb Code    46  dscalb.o(.text)
    scalbn                                   0x08000927   Thumb Code     0  dscalb.o(.text)
    __aeabi_d2ulz                            0x08000955   Thumb Code    48  dfixul.o(.text)
    __aeabi_cdrcmple                         0x08000985   Thumb Code    48  cdrcmple.o(.text)
    __scatterload                            0x080009b5   Thumb Code    28  init.o(.text)
    __scatterload_rt2                        0x080009b5   Thumb Code     0  init.o(.text)
    __aeabi_llsl                             0x080009d9   Thumb Code    30  llshl.o(.text)
    _ll_shift_l                              0x080009d9   Thumb Code     0  llshl.o(.text)
    __aeabi_lasr                             0x080009f7   Thumb Code    36  llsshr.o(.text)
    _ll_sshift_r                             0x080009f7   Thumb Code     0  llsshr.o(.text)
    _dsqrt                                   0x08000a1b   Thumb Code   162  dsqrt.o(.text)
    __decompress                             0x08000abd   Thumb Code     0  __dczerorl2.o(.text)
    __decompress1                            0x08000abd   Thumb Code    86  __dczerorl2.o(.text)
    BusFault_Handler                         0x08000b13   Thumb Code     2  stm32f1xx_it.o(i.BusFault_Handler)
    DMP_test                                 0x08000b15   Thumb Code   120  dmp_test.o(i.DMP_test)
    DebugMon_Handler                         0x08000bd5   Thumb Code     2  stm32f1xx_it.o(i.DebugMon_Handler)
    EXTI0_IRQHandler                         0x08000bd7   Thumb Code     6  stm32f1xx_it.o(i.EXTI0_IRQHandler)
    Error_Handler                            0x08000bdd   Thumb Code     4  main.o(i.Error_Handler)
    HAL_DMA_Abort                            0x08000be1   Thumb Code    70  stm32f1xx_hal_dma.o(i.HAL_DMA_Abort)
    HAL_DMA_Abort_IT                         0x08000c29   Thumb Code   148  stm32f1xx_hal_dma.o(i.HAL_DMA_Abort_IT)
    HAL_Delay                                0x08000cc1   Thumb Code    32  stm32f1xx_hal.o(i.HAL_Delay)
    HAL_GPIO_EXTI_Callback                   0x08000ce5   Thumb Code    20  main.o(i.HAL_GPIO_EXTI_Callback)
    HAL_GPIO_EXTI_IRQHandler                 0x08000d09   Thumb Code    18  stm32f1xx_hal_gpio.o(i.HAL_GPIO_EXTI_IRQHandler)
    HAL_GPIO_Init                            0x08000d21   Thumb Code   446  stm32f1xx_hal_gpio.o(i.HAL_GPIO_Init)
    HAL_GPIO_TogglePin                       0x08000f01   Thumb Code    16  stm32f1xx_hal_gpio.o(i.HAL_GPIO_TogglePin)
    HAL_GPIO_WritePin                        0x08000f11   Thumb Code    10  stm32f1xx_hal_gpio.o(i.HAL_GPIO_WritePin)
    HAL_GetTick                              0x08000f1d   Thumb Code     6  stm32f1xx_hal.o(i.HAL_GetTick)
    HAL_I2C_Init                             0x08000f29   Thumb Code   376  stm32f1xx_hal_i2c.o(i.HAL_I2C_Init)
    HAL_I2C_Mem_Read                         0x080010b1   Thumb Code   574  stm32f1xx_hal_i2c.o(i.HAL_I2C_Mem_Read)
    HAL_I2C_Mem_Write                        0x08001301   Thumb Code   294  stm32f1xx_hal_i2c.o(i.HAL_I2C_Mem_Write)
    HAL_I2C_MspInit                          0x08001431   Thumb Code    96  i2c.o(i.HAL_I2C_MspInit)
    HAL_IncTick                              0x0800149d   Thumb Code    12  stm32f1xx_hal.o(i.HAL_IncTick)
    HAL_Init                                 0x080014ad   Thumb Code    32  stm32f1xx_hal.o(i.HAL_Init)
    HAL_InitTick                             0x080014d1   Thumb Code    54  stm32f1xx_hal.o(i.HAL_InitTick)
    HAL_MspInit                              0x08001511   Thumb Code    52  stm32f1xx_hal_msp.o(i.HAL_MspInit)
    HAL_NVIC_EnableIRQ                       0x0800154d   Thumb Code    26  stm32f1xx_hal_cortex.o(i.HAL_NVIC_EnableIRQ)
    HAL_NVIC_SetPriority                     0x08001569   Thumb Code    60  stm32f1xx_hal_cortex.o(i.HAL_NVIC_SetPriority)
    HAL_NVIC_SetPriorityGrouping             0x080015a9   Thumb Code    26  stm32f1xx_hal_cortex.o(i.HAL_NVIC_SetPriorityGrouping)
    HAL_RCC_ClockConfig                      0x080015cd   Thumb Code   280  stm32f1xx_hal_rcc.o(i.HAL_RCC_ClockConfig)
    HAL_RCC_GetPCLK1Freq                     0x080016f9   Thumb Code    20  stm32f1xx_hal_rcc.o(i.HAL_RCC_GetPCLK1Freq)
    HAL_RCC_GetPCLK2Freq                     0x08001719   Thumb Code    20  stm32f1xx_hal_rcc.o(i.HAL_RCC_GetPCLK2Freq)
    HAL_RCC_GetSysClockFreq                  0x08001739   Thumb Code    74  stm32f1xx_hal_rcc.o(i.HAL_RCC_GetSysClockFreq)
    HAL_RCC_OscConfig                        0x080017a5   Thumb Code   778  stm32f1xx_hal_rcc.o(i.HAL_RCC_OscConfig)
    HAL_SYSTICK_Config                       0x08001ac5   Thumb Code    40  stm32f1xx_hal_cortex.o(i.HAL_SYSTICK_Config)
    HAL_TIMEx_MasterConfigSynchronization    0x08001aed   Thumb Code    92  stm32f1xx_hal_tim_ex.o(i.HAL_TIMEx_MasterConfigSynchronization)
    HAL_TIM_Base_Init                        0x08001b55   Thumb Code    90  stm32f1xx_hal_tim.o(i.HAL_TIM_Base_Init)
    HAL_TIM_Base_MspInit                     0x08001bb1   Thumb Code    30  tim.o(i.HAL_TIM_Base_MspInit)
    HAL_TIM_ConfigClockSource                0x08001bd5   Thumb Code   214  stm32f1xx_hal_tim.o(i.HAL_TIM_ConfigClockSource)
    HAL_TIM_MspPostInit                      0x08001cad   Thumb Code    82  tim.o(i.HAL_TIM_MspPostInit)
    HAL_TIM_PWM_ConfigChannel                0x08001d0d   Thumb Code   198  stm32f1xx_hal_tim.o(i.HAL_TIM_PWM_ConfigChannel)
    HAL_TIM_PWM_Init                         0x08001dd3   Thumb Code    90  stm32f1xx_hal_tim.o(i.HAL_TIM_PWM_Init)
    HAL_TIM_PWM_MspInit                      0x08001e2d   Thumb Code     2  stm32f1xx_hal_tim.o(i.HAL_TIM_PWM_MspInit)
    HAL_TIM_PWM_Start                        0x08001e31   Thumb Code   144  stm32f1xx_hal_tim.o(i.HAL_TIM_PWM_Start)
    HAL_UARTEx_RxEventCallback               0x08001ecd   Thumb Code     2  stm32f1xx_hal_uart.o(i.HAL_UARTEx_RxEventCallback)
    HAL_UART_ErrorCallback                   0x08001ecf   Thumb Code     2  stm32f1xx_hal_uart.o(i.HAL_UART_ErrorCallback)
    HAL_UART_IRQHandler                      0x08001ed1   Thumb Code   520  stm32f1xx_hal_uart.o(i.HAL_UART_IRQHandler)
    HAL_UART_Init                            0x080020dd   Thumb Code    98  stm32f1xx_hal_uart.o(i.HAL_UART_Init)
    HAL_UART_MspInit                         0x08002141   Thumb Code   116  usart.o(i.HAL_UART_MspInit)
    HAL_UART_RxCpltCallback                  0x080021c1   Thumb Code     2  stm32f1xx_hal_uart.o(i.HAL_UART_RxCpltCallback)
    HAL_UART_Transmit                        0x080021c5   Thumb Code   178  stm32f1xx_hal_uart.o(i.HAL_UART_Transmit)
    HAL_UART_TxCpltCallback                  0x08002277   Thumb Code     2  stm32f1xx_hal_uart.o(i.HAL_UART_TxCpltCallback)
    HardFault_Handler                        0x08002279   Thumb Code     2  stm32f1xx_it.o(i.HardFault_Handler)
    MX_GPIO_Init                             0x08002649   Thumb Code   150  gpio.o(i.MX_GPIO_Init)
    MX_I2C1_Init                             0x080026f1   Thumb Code    50  i2c.o(i.MX_I2C1_Init)
    MX_TIM2_Init                             0x08002731   Thumb Code   164  tim.o(i.MX_TIM2_Init)
    MX_USART1_UART_Init                      0x080027d9   Thumb Code    48  usart.o(i.MX_USART1_UART_Init)
    MemManage_Handler                        0x08002811   Thumb Code     2  stm32f1xx_it.o(i.MemManage_Handler)
    NMI_Handler                              0x08002813   Thumb Code     2  stm32f1xx_it.o(i.NMI_Handler)
    OLED_Clear                               0x08002815   Thumb Code    60  oled.o(i.OLED_Clear)
    OLED_Init                                0x08002851   Thumb Code   314  oled.o(i.OLED_Init)
    OLED_Set_Pos                             0x08002995   Thumb Code    44  oled.o(i.OLED_Set_Pos)
    OLED_ShowCHinese                         0x080029c1   Thumb Code    74  oled.o(i.OLED_ShowCHinese)
    OLED_ShowChar                            0x08002a11   Thumb Code    94  oled.o(i.OLED_ShowChar)
    OLED_ShowNum                             0x08002a75   Thumb Code    98  oled.o(i.OLED_ShowNum)
    OLED_ShowString                          0x08002ad7   Thumb Code    50  oled.o(i.OLED_ShowString)
    OLED_WR_Byte                             0x08002b09   Thumb Code   126  oled.o(i.OLED_WR_Byte)
    PendSV_Handler                           0x08002b8d   Thumb Code     2  stm32f1xx_it.o(i.PendSV_Handler)
    SVC_Handler                              0x08002b8f   Thumb Code     2  stm32f1xx_it.o(i.SVC_Handler)
    SysTick_Handler                          0x08002b91   Thumb Code     4  stm32f1xx_it.o(i.SysTick_Handler)
    SystemClock_Config                       0x08002b95   Thumb Code    94  main.o(i.SystemClock_Config)
    SystemInit                               0x08002bf3   Thumb Code     2  system_stm32f1xx.o(i.SystemInit)
    TIM_Base_SetConfig                       0x08002bf5   Thumb Code    94  stm32f1xx_hal_tim.o(i.TIM_Base_SetConfig)
    TIM_CCxChannelCmd                        0x08002c61   Thumb Code    26  stm32f1xx_hal_tim.o(i.TIM_CCxChannelCmd)
    TIM_ETR_SetConfig                        0x08002c7b   Thumb Code    20  stm32f1xx_hal_tim.o(i.TIM_ETR_SetConfig)
    TIM_OC2_SetConfig                        0x08002cf1   Thumb Code    84  stm32f1xx_hal_tim.o(i.TIM_OC2_SetConfig)
    USART1_IRQHandler                        0x0800303d   Thumb Code     6  stm32f1xx_it.o(i.USART1_IRQHandler)
    UsageFault_Handler                       0x08003049   Thumb Code     2  stm32f1xx_it.o(i.UsageFault_Handler)
    __0printf                                0x0800304d   Thumb Code    22  printfa.o(i.__0printf)
    __1printf                                0x0800304d   Thumb Code     0  printfa.o(i.__0printf)
    __2printf                                0x0800304d   Thumb Code     0  printfa.o(i.__0printf)
    __c89printf                              0x0800304d   Thumb Code     0  printfa.o(i.__0printf)
    printf                                   0x0800304d   Thumb Code     0  printfa.o(i.__0printf)
    __ARM_fpclassify                         0x0800306d   Thumb Code    40  fpclassify.o(i.__ARM_fpclassify)
    __kernel_poly                            0x080030b5   Thumb Code   170  poly.o(i.__kernel_poly)
    __mathlib_dbl_infnan                     0x0800315f   Thumb Code     6  dunder.o(i.__mathlib_dbl_infnan)
    __mathlib_dbl_infnan2                    0x08003165   Thumb Code     4  dunder.o(i.__mathlib_dbl_infnan2)
    __mathlib_dbl_invalid                    0x08003169   Thumb Code    12  dunder.o(i.__mathlib_dbl_invalid)
    __mathlib_dbl_underflow                  0x08003175   Thumb Code    10  dunder.o(i.__mathlib_dbl_underflow)
    __scatterload_copy                       0x08003185   Thumb Code    14  handlers.o(i.__scatterload_copy)
    __scatterload_null                       0x08003193   Thumb Code     2  handlers.o(i.__scatterload_null)
    __scatterload_zeroinit                   0x08003195   Thumb Code    14  handlers.o(i.__scatterload_zeroinit)
    __set_errno                              0x080031a5   Thumb Code     6  errno.o(i.__set_errno)
    asin                                     0x08003ae9   Thumb Code   572  asin.o(i.asin)
    atan                                     0x08003d59   Thumb Code   474  atan.o(i.atan)
    atan2                                    0x08003f79   Thumb Code   346  atan2.o(i.atan2)
    calculate_pd_output                      0x080040f9   Thumb Code    48  pid.o(i.calculate_pd_output)
    dmp_enable_6x_lp_quat                    0x08004135   Thumb Code    58  inv_mpu_dmp_motion_driver.o(i.dmp_enable_6x_lp_quat)
    dmp_enable_feature                       0x08004171   Thumb Code   464  inv_mpu_dmp_motion_driver.o(i.dmp_enable_feature)
    dmp_enable_gyro_cal                      0x08004349   Thumb Code    34  inv_mpu_dmp_motion_driver.o(i.dmp_enable_gyro_cal)
    dmp_enable_lp_quat                       0x08004385   Thumb Code    58  inv_mpu_dmp_motion_driver.o(i.dmp_enable_lp_quat)
    dmp_load_motion_driver_firmware          0x080043c1   Thumb Code    16  inv_mpu_dmp_motion_driver.o(i.dmp_load_motion_driver_firmware)
    dmp_read_fifo                            0x080043d5   Thumb Code   322  inv_mpu_dmp_motion_driver.o(i.dmp_read_fifo)
    dmp_set_accel_bias                       0x0800451d   Thumb Code   210  inv_mpu_dmp_motion_driver.o(i.dmp_set_accel_bias)
    dmp_set_fifo_rate                        0x080045f5   Thumb Code    82  inv_mpu_dmp_motion_driver.o(i.dmp_set_fifo_rate)
    dmp_set_gyro_bias                        0x08004659   Thumb Code   196  inv_mpu_dmp_motion_driver.o(i.dmp_set_gyro_bias)
    dmp_set_orientation                      0x08004725   Thumb Code   246  inv_mpu_dmp_motion_driver.o(i.dmp_set_orientation)
    dmp_set_shake_reject_thresh              0x08004831   Thumb Code    48  inv_mpu_dmp_motion_driver.o(i.dmp_set_shake_reject_thresh)
    dmp_set_shake_reject_time                0x08004861   Thumb Code    32  inv_mpu_dmp_motion_driver.o(i.dmp_set_shake_reject_time)
    dmp_set_shake_reject_timeout             0x08004881   Thumb Code    32  inv_mpu_dmp_motion_driver.o(i.dmp_set_shake_reject_timeout)
    dmp_set_tap_axes                         0x080048a1   Thumb Code    64  inv_mpu_dmp_motion_driver.o(i.dmp_set_tap_axes)
    dmp_set_tap_count                        0x080048e1   Thumb Code    34  inv_mpu_dmp_motion_driver.o(i.dmp_set_tap_count)
    dmp_set_tap_thresh                       0x08004905   Thumb Code   274  inv_mpu_dmp_motion_driver.o(i.dmp_set_tap_thresh)
    dmp_set_tap_time                         0x08004a2d   Thumb Code    32  inv_mpu_dmp_motion_driver.o(i.dmp_set_tap_time)
    dmp_set_tap_time_multi                   0x08004a4d   Thumb Code    32  inv_mpu_dmp_motion_driver.o(i.dmp_set_tap_time_multi)
    fputc                                    0x08004a6d   Thumb Code    18  usart.o(i.fputc)
    inv_orientation_matrix_to_scalar         0x08005029   Thumb Code    34  dmp_test.o(i.inv_orientation_matrix_to_scalar)
    inv_row_2_scale                          0x0800504b   Thumb Code    72  dmp_test.o(i.inv_row_2_scale)
    main                                     0x08005095   Thumb Code   248  main.o(i.main)
    mpu_configure_fifo                       0x080051d1   Thumb Code    78  inv_mpu.o(i.mpu_configure_fifo)
    mpu_dmp_get_data                         0x08005225   Thumb Code   408  dmp_test.o(i.mpu_dmp_get_data)
    mpu_dmp_init                             0x080053c1   Thumb Code   156  dmp_test.o(i.mpu_dmp_init)
    mpu_get_accel_fsr                        0x08005461   Thumb Code    54  inv_mpu.o(i.mpu_get_accel_fsr)
    mpu_get_accel_sens                       0x0800549d   Thumb Code    62  inv_mpu.o(i.mpu_get_accel_sens)
    mpu_get_gyro_fsr                         0x080054e1   Thumb Code    48  inv_mpu.o(i.mpu_get_gyro_fsr)
    mpu_get_gyro_sens                        0x08005515   Thumb Code    44  inv_mpu.o(i.mpu_get_gyro_sens)
    mpu_get_lpf                              0x08005555   Thumb Code    52  inv_mpu.o(i.mpu_get_lpf)
    mpu_get_sample_rate                      0x0800558d   Thumb Code    22  inv_mpu.o(i.mpu_get_sample_rate)
    mpu_init                                 0x080055a9   Thumb Code   332  inv_mpu.o(i.mpu_init)
    mpu_load_firmware                        0x080056fd   Thumb Code   164  inv_mpu.o(i.mpu_load_firmware)
    mpu_lp_accel_mode                        0x080057a9   Thumb Code   198  inv_mpu.o(i.mpu_lp_accel_mode)
    mpu_read_fifo_stream                     0x08005879   Thumb Code   178  inv_mpu.o(i.mpu_read_fifo_stream)
    mpu_read_mem                             0x08005935   Thumb Code   104  inv_mpu.o(i.mpu_read_mem)
    mpu_reset_fifo                           0x080059a5   Thumb Code   426  inv_mpu.o(i.mpu_reset_fifo)
    mpu_run_self_test                        0x08005b59   Thumb Code   234  inv_mpu.o(i.mpu_run_self_test)
    mpu_set_accel_fsr                        0x08005c49   Thumb Code   110  inv_mpu.o(i.mpu_set_accel_fsr)
    mpu_set_bypass                           0x08005cc1   Thumb Code   290  inv_mpu.o(i.mpu_set_bypass)
    mpu_set_dmp_state                        0x08005ded   Thumb Code   136  inv_mpu.o(i.mpu_set_dmp_state)
    mpu_set_gyro_fsr                         0x08005e7d   Thumb Code   116  inv_mpu.o(i.mpu_set_gyro_fsr)
    mpu_set_int_latched                      0x08005ef9   Thumb Code   106  inv_mpu.o(i.mpu_set_int_latched)
    mpu_set_lpf                              0x08005f6d   Thumb Code   118  inv_mpu.o(i.mpu_set_lpf)
    mpu_set_sample_rate                      0x08005fed   Thumb Code   140  inv_mpu.o(i.mpu_set_sample_rate)
    mpu_set_sensors                          0x08006081   Thumb Code   212  inv_mpu.o(i.mpu_set_sensors)
    mpu_write_mem                            0x0800615d   Thumb Code   104  inv_mpu.o(i.mpu_write_mem)
    oled_pow                                 0x080061cd   Thumb Code    16  oled.o(i.oled_pow)
    pd_control                               0x080061dd   Thumb Code    84  pid.o(i.pd_control)
    run_self_test                            0x08006255   Thumb Code   128  dmp_test.o(i.run_self_test)
    sqrt                                     0x0800634d   Thumb Code    76  sqrt.o(i.sqrt)
    F8X16                                    0x08006398   Data        1520  oled.o(.constdata)
    AHBPrescTable                            0x08006988   Data          16  system_stm32f1xx.o(.constdata)
    APBPrescTable                            0x08006998   Data           8  system_stm32f1xx.o(.constdata)
    reg                                      0x080069a0   Data          30  inv_mpu.o(.constdata)
    hw                                       0x080069be   Data          12  inv_mpu.o(.constdata)
    test                                     0x080069cc   Data          40  inv_mpu.o(.constdata)
    __mathlib_zero                           0x080076d8   Data           8  qnan.o(.constdata)
    Region$$Table$$Base                      0x080076e0   Number         0  anon$$obj.o(Region$$Table)
    Region$$Table$$Limit                     0x08007700   Number         0  anon$$obj.o(Region$$Table)
    Hzk                                      0x20000000   Data         256  oled.o(.data)
    pwmval                                   0x2000010c   Data           4  main.o(.data)
    uwTickFreq                               0x20000110   Data           1  stm32f1xx_hal.o(.data)
    uwTickPrio                               0x20000114   Data           4  stm32f1xx_hal.o(.data)
    uwTick                                   0x20000118   Data           4  stm32f1xx_hal.o(.data)
    SystemCoreClock                          0x2000011c   Data           4  system_stm32f1xx.o(.data)
    __stdout                                 0x20000158   Data           4  stdout.o(.data)
    hi2c1                                    0x20000160   Data          84  i2c.o(.bss)
    htim2                                    0x200001b4   Data          72  tim.o(.bss)
    huart1                                   0x200001fc   Data          68  usart.o(.bss)
    printf_temp                              0x20000240   Data          64  usart.o(.bss)
    __initial_sp                             0x20000690   Data           0  startup_stm32f103xb.o(STACK)



==============================================================================

Memory Map of the image

  Image Entry point : 0x080000ed

  Load Region LR_IROM1 (Base: 0x08000000, Size: 0x00007860, Max: 0x00010000, ABSOLUTE, COMPRESSED[0x00007794])

    Execution Region ER_IROM1 (Exec base: 0x08000000, Load base: 0x08000000, Size: 0x00007700, Max: 0x00010000, ABSOLUTE)

    Exec Addr    Load Addr    Size         Type   Attr      Idx    E Section Name        Object

    0x08000000   0x08000000   0x000000ec   Data   RO            3    RESET               startup_stm32f103xb.o
    0x080000ec   0x080000ec   0x00000000   Code   RO         4026  * .ARM.Collect$$$$00000000  mc_w.l(entry.o)
    0x080000ec   0x080000ec   0x00000004   Code   RO         4357    .ARM.Collect$$$$00000001  mc_w.l(entry2.o)
    0x080000f0   0x080000f0   0x00000004   Code   RO         4360    .ARM.Collect$$$$00000004  mc_w.l(entry5.o)
    0x080000f4   0x080000f4   0x00000000   Code   RO         4362    .ARM.Collect$$$$00000008  mc_w.l(entry7b.o)
    0x080000f4   0x080000f4   0x00000000   Code   RO         4364    .ARM.Collect$$$$0000000A  mc_w.l(entry8b.o)
    0x080000f4   0x080000f4   0x00000008   Code   RO         4365    .ARM.Collect$$$$0000000B  mc_w.l(entry9a.o)
    0x080000fc   0x080000fc   0x00000000   Code   RO         4367    .ARM.Collect$$$$0000000D  mc_w.l(entry10a.o)
    0x080000fc   0x080000fc   0x00000000   Code   RO         4369    .ARM.Collect$$$$0000000F  mc_w.l(entry11a.o)
    0x080000fc   0x080000fc   0x00000004   Code   RO         4358    .ARM.Collect$$$$00002712  mc_w.l(entry2.o)
    0x08000100   0x08000100   0x00000024   Code   RO            4    .text               startup_stm32f103xb.o
    0x08000124   0x08000124   0x00000062   Code   RO         4029    .text               mc_w.l(ldiv.o)
    0x08000186   0x08000186   0x00000020   Code   RO         4031    .text               mc_w.l(llushr.o)
    0x080001a6   0x080001a6   0x00000024   Code   RO         4033    .text               mc_w.l(memseta.o)
    0x080001ca   0x080001ca   0x0000001a   Code   RO         4035    .text               mc_w.l(memcmp.o)
    0x080001e4   0x080001e4   0x000000b0   Code   RO         4298    .text               mf_w.l(fadd.o)
    0x08000294   0x08000294   0x00000064   Code   RO         4300    .text               mf_w.l(fmul.o)
    0x080002f8   0x080002f8   0x0000007c   Code   RO         4302    .text               mf_w.l(fdiv.o)
    0x08000374   0x08000374   0x00000018   Code   RO         4304    .text               mf_w.l(fscalb.o)
    0x0800038c   0x0800038c   0x000000e4   Code   RO         4306    .text               mf_w.l(dmul.o)
    0x08000470   0x08000470   0x00000012   Code   RO         4308    .text               mf_w.l(fflti.o)
    0x08000482   0x08000482   0x0000000a   Code   RO         4310    .text               mf_w.l(ffltui.o)
    0x0800048c   0x0800048c   0x00000032   Code   RO         4312    .text               mf_w.l(ffixi.o)
    0x080004be   0x080004be   0x00000028   Code   RO         4314    .text               mf_w.l(ffixui.o)
    0x080004e6   0x080004e6   0x00000026   Code   RO         4316    .text               mf_w.l(f2d.o)
    0x0800050c   0x0800050c   0x00000038   Code   RO         4318    .text               mf_w.l(d2f.o)
    0x08000544   0x08000544   0x0000002c   Code   RO         4372    .text               mc_w.l(uidiv.o)
    0x08000570   0x08000570   0x00000062   Code   RO         4374    .text               mc_w.l(uldiv.o)
    0x080005d2   0x080005d2   0x00000000   Code   RO         4383    .text               mc_w.l(iusefp.o)
    0x080005d2   0x080005d2   0x0000006e   Code   RO         4384    .text               mf_w.l(fepilogue.o)
    0x08000640   0x08000640   0x000000ba   Code   RO         4386    .text               mf_w.l(depilogue.o)
    0x080006fa   0x080006fa   0x0000014e   Code   RO         4388    .text               mf_w.l(dadd.o)
    0x08000848   0x08000848   0x000000de   Code   RO         4390    .text               mf_w.l(ddiv.o)
    0x08000926   0x08000926   0x0000002e   Code   RO         4392    .text               mf_w.l(dscalb.o)
    0x08000954   0x08000954   0x00000030   Code   RO         4394    .text               mf_w.l(dfixul.o)
    0x08000984   0x08000984   0x00000030   Code   RO         4396    .text               mf_w.l(cdrcmple.o)
    0x080009b4   0x080009b4   0x00000024   Code   RO         4398    .text               mc_w.l(init.o)
    0x080009d8   0x080009d8   0x0000001e   Code   RO         4400    .text               mc_w.l(llshl.o)
    0x080009f6   0x080009f6   0x00000024   Code   RO         4402    .text               mc_w.l(llsshr.o)
    0x08000a1a   0x08000a1a   0x000000a2   Code   RO         4404    .text               mf_w.l(dsqrt.o)
    0x08000abc   0x08000abc   0x00000056   Code   RO         4416    .text               mc_w.l(__dczerorl2.o)
    0x08000b12   0x08000b12   0x00000002   Code   RO          531    i.BusFault_Handler  stm32f1xx_it.o
    0x08000b14   0x08000b14   0x000000c0   Code   RO         3454    i.DMP_test          dmp_test.o
    0x08000bd4   0x08000bd4   0x00000002   Code   RO          532    i.DebugMon_Handler  stm32f1xx_it.o
    0x08000bd6   0x08000bd6   0x00000006   Code   RO          533    i.EXTI0_IRQHandler  stm32f1xx_it.o
    0x08000bdc   0x08000bdc   0x00000004   Code   RO          282    i.Error_Handler     main.o
    0x08000be0   0x08000be0   0x00000046   Code   RO         1490    i.HAL_DMA_Abort     stm32f1xx_hal_dma.o
    0x08000c26   0x08000c26   0x00000002   PAD
    0x08000c28   0x08000c28   0x00000098   Code   RO         1491    i.HAL_DMA_Abort_IT  stm32f1xx_hal_dma.o
    0x08000cc0   0x08000cc0   0x00000024   Code   RO         1118    i.HAL_Delay         stm32f1xx_hal.o
    0x08000ce4   0x08000ce4   0x00000024   Code   RO          283    i.HAL_GPIO_EXTI_Callback  main.o
    0x08000d08   0x08000d08   0x00000018   Code   RO         1425    i.HAL_GPIO_EXTI_IRQHandler  stm32f1xx_hal_gpio.o
    0x08000d20   0x08000d20   0x000001e0   Code   RO         1426    i.HAL_GPIO_Init     stm32f1xx_hal_gpio.o
    0x08000f00   0x08000f00   0x00000010   Code   RO         1429    i.HAL_GPIO_TogglePin  stm32f1xx_hal_gpio.o
    0x08000f10   0x08000f10   0x0000000a   Code   RO         1430    i.HAL_GPIO_WritePin  stm32f1xx_hal_gpio.o
    0x08000f1a   0x08000f1a   0x00000002   PAD
    0x08000f1c   0x08000f1c   0x0000000c   Code   RO         1122    i.HAL_GetTick       stm32f1xx_hal.o
    0x08000f28   0x08000f28   0x00000188   Code   RO          690    i.HAL_I2C_Init      stm32f1xx_hal_i2c.o
    0x080010b0   0x080010b0   0x00000250   Code   RO          708    i.HAL_I2C_Mem_Read  stm32f1xx_hal_i2c.o
    0x08001300   0x08001300   0x00000130   Code   RO          711    i.HAL_I2C_Mem_Write  stm32f1xx_hal_i2c.o
    0x08001430   0x08001430   0x0000006c   Code   RO          381    i.HAL_I2C_MspInit   i2c.o
    0x0800149c   0x0800149c   0x00000010   Code   RO         1128    i.HAL_IncTick       stm32f1xx_hal.o
    0x080014ac   0x080014ac   0x00000024   Code   RO         1129    i.HAL_Init          stm32f1xx_hal.o
    0x080014d0   0x080014d0   0x00000040   Code   RO         1130    i.HAL_InitTick      stm32f1xx_hal.o
    0x08001510   0x08001510   0x0000003c   Code   RO          619    i.HAL_MspInit       stm32f1xx_hal_msp.o
    0x0800154c   0x0800154c   0x0000001a   Code   RO         1586    i.HAL_NVIC_EnableIRQ  stm32f1xx_hal_cortex.o
    0x08001566   0x08001566   0x00000002   PAD
    0x08001568   0x08001568   0x00000040   Code   RO         1592    i.HAL_NVIC_SetPriority  stm32f1xx_hal_cortex.o
    0x080015a8   0x080015a8   0x00000024   Code   RO         1593    i.HAL_NVIC_SetPriorityGrouping  stm32f1xx_hal_cortex.o
    0x080015cc   0x080015cc   0x0000012c   Code   RO         1286    i.HAL_RCC_ClockConfig  stm32f1xx_hal_rcc.o
    0x080016f8   0x080016f8   0x00000020   Code   RO         1293    i.HAL_RCC_GetPCLK1Freq  stm32f1xx_hal_rcc.o
    0x08001718   0x08001718   0x00000020   Code   RO         1294    i.HAL_RCC_GetPCLK2Freq  stm32f1xx_hal_rcc.o
    0x08001738   0x08001738   0x0000006c   Code   RO         1295    i.HAL_RCC_GetSysClockFreq  stm32f1xx_hal_rcc.o
    0x080017a4   0x080017a4   0x00000320   Code   RO         1298    i.HAL_RCC_OscConfig  stm32f1xx_hal_rcc.o
    0x08001ac4   0x08001ac4   0x00000028   Code   RO         1597    i.HAL_SYSTICK_Config  stm32f1xx_hal_cortex.o
    0x08001aec   0x08001aec   0x00000068   Code   RO         2811    i.HAL_TIMEx_MasterConfigSynchronization  stm32f1xx_hal_tim_ex.o
    0x08001b54   0x08001b54   0x0000005a   Code   RO         2088    i.HAL_TIM_Base_Init  stm32f1xx_hal_tim.o
    0x08001bae   0x08001bae   0x00000002   PAD
    0x08001bb0   0x08001bb0   0x00000024   Code   RO          423    i.HAL_TIM_Base_MspInit  tim.o
    0x08001bd4   0x08001bd4   0x000000d6   Code   RO         2097    i.HAL_TIM_ConfigClockSource  stm32f1xx_hal_tim.o
    0x08001caa   0x08001caa   0x00000002   PAD
    0x08001cac   0x08001cac   0x00000060   Code   RO          424    i.HAL_TIM_MspPostInit  tim.o
    0x08001d0c   0x08001d0c   0x000000c6   Code   RO         2160    i.HAL_TIM_PWM_ConfigChannel  stm32f1xx_hal_tim.o
    0x08001dd2   0x08001dd2   0x0000005a   Code   RO         2163    i.HAL_TIM_PWM_Init  stm32f1xx_hal_tim.o
    0x08001e2c   0x08001e2c   0x00000002   Code   RO         2165    i.HAL_TIM_PWM_MspInit  stm32f1xx_hal_tim.o
    0x08001e2e   0x08001e2e   0x00000002   PAD
    0x08001e30   0x08001e30   0x0000009c   Code   RO         2168    i.HAL_TIM_PWM_Start  stm32f1xx_hal_tim.o
    0x08001ecc   0x08001ecc   0x00000002   Code   RO         3070    i.HAL_UARTEx_RxEventCallback  stm32f1xx_hal_uart.o
    0x08001ece   0x08001ece   0x00000002   Code   RO         3084    i.HAL_UART_ErrorCallback  stm32f1xx_hal_uart.o
    0x08001ed0   0x08001ed0   0x0000020c   Code   RO         3087    i.HAL_UART_IRQHandler  stm32f1xx_hal_uart.o
    0x080020dc   0x080020dc   0x00000062   Code   RO         3088    i.HAL_UART_Init     stm32f1xx_hal_uart.o
    0x0800213e   0x0800213e   0x00000002   PAD
    0x08002140   0x08002140   0x00000080   Code   RO          471    i.HAL_UART_MspInit  usart.o
    0x080021c0   0x080021c0   0x00000002   Code   RO         3094    i.HAL_UART_RxCpltCallback  stm32f1xx_hal_uart.o
    0x080021c2   0x080021c2   0x00000002   PAD
    0x080021c4   0x080021c4   0x000000b2   Code   RO         3096    i.HAL_UART_Transmit  stm32f1xx_hal_uart.o
    0x08002276   0x08002276   0x00000002   Code   RO         3099    i.HAL_UART_TxCpltCallback  stm32f1xx_hal_uart.o
    0x08002278   0x08002278   0x00000002   Code   RO          534    i.HardFault_Handler  stm32f1xx_it.o
    0x0800227a   0x0800227a   0x0000002e   Code   RO          732    i.I2C_IsAcknowledgeFailed  stm32f1xx_hal_i2c.o
    0x080022a8   0x080022a8   0x000000fc   Code   RO          742    i.I2C_RequestMemoryRead  stm32f1xx_hal_i2c.o
    0x080023a4   0x080023a4   0x000000a8   Code   RO          743    i.I2C_RequestMemoryWrite  stm32f1xx_hal_i2c.o
    0x0800244c   0x0800244c   0x0000004c   Code   RO          747    i.I2C_WaitOnBTFFlagUntilTimeout  stm32f1xx_hal_i2c.o
    0x08002498   0x08002498   0x00000068   Code   RO          748    i.I2C_WaitOnFlagUntilTimeout  stm32f1xx_hal_i2c.o
    0x08002500   0x08002500   0x00000096   Code   RO          749    i.I2C_WaitOnMasterAddressFlagUntilTimeout  stm32f1xx_hal_i2c.o
    0x08002596   0x08002596   0x00000066   Code   RO          750    i.I2C_WaitOnRXNEFlagUntilTimeout  stm32f1xx_hal_i2c.o
    0x080025fc   0x080025fc   0x0000004c   Code   RO          751    i.I2C_WaitOnTXEFlagUntilTimeout  stm32f1xx_hal_i2c.o
    0x08002648   0x08002648   0x000000a8   Code   RO          356    i.MX_GPIO_Init      gpio.o
    0x080026f0   0x080026f0   0x00000040   Code   RO          382    i.MX_I2C1_Init      i2c.o
    0x08002730   0x08002730   0x000000a8   Code   RO          425    i.MX_TIM2_Init      tim.o
    0x080027d8   0x080027d8   0x00000038   Code   RO          472    i.MX_USART1_UART_Init  usart.o
    0x08002810   0x08002810   0x00000002   Code   RO          535    i.MemManage_Handler  stm32f1xx_it.o
    0x08002812   0x08002812   0x00000002   Code   RO          536    i.NMI_Handler       stm32f1xx_it.o
    0x08002814   0x08002814   0x0000003c   Code   RO           13    i.OLED_Clear        oled.o
    0x08002850   0x08002850   0x00000144   Code   RO           17    i.OLED_Init         oled.o
    0x08002994   0x08002994   0x0000002c   Code   RO           18    i.OLED_Set_Pos      oled.o
    0x080029c0   0x080029c0   0x00000050   Code   RO           19    i.OLED_ShowCHinese  oled.o
    0x08002a10   0x08002a10   0x00000064   Code   RO           20    i.OLED_ShowChar     oled.o
    0x08002a74   0x08002a74   0x00000062   Code   RO           21    i.OLED_ShowNum      oled.o
    0x08002ad6   0x08002ad6   0x00000032   Code   RO           22    i.OLED_ShowString   oled.o
    0x08002b08   0x08002b08   0x00000084   Code   RO           23    i.OLED_WR_Byte      oled.o
    0x08002b8c   0x08002b8c   0x00000002   Code   RO          537    i.PendSV_Handler    stm32f1xx_it.o
    0x08002b8e   0x08002b8e   0x00000002   Code   RO          538    i.SVC_Handler       stm32f1xx_it.o
    0x08002b90   0x08002b90   0x00000004   Code   RO          539    i.SysTick_Handler   stm32f1xx_it.o
    0x08002b94   0x08002b94   0x0000005e   Code   RO          285    i.SystemClock_Config  main.o
    0x08002bf2   0x08002bf2   0x00000002   Code   RO         3417    i.SystemInit        system_stm32f1xx.o
    0x08002bf4   0x08002bf4   0x0000006c   Code   RO         2181    i.TIM_Base_SetConfig  stm32f1xx_hal_tim.o
    0x08002c60   0x08002c60   0x0000001a   Code   RO         2182    i.TIM_CCxChannelCmd  stm32f1xx_hal_tim.o
    0x08002c7a   0x08002c7a   0x00000014   Code   RO         2192    i.TIM_ETR_SetConfig  stm32f1xx_hal_tim.o
    0x08002c8e   0x08002c8e   0x00000010   Code   RO         2193    i.TIM_ITRx_SetConfig  stm32f1xx_hal_tim.o
    0x08002c9e   0x08002c9e   0x00000002   PAD
    0x08002ca0   0x08002ca0   0x00000050   Code   RO         2194    i.TIM_OC1_SetConfig  stm32f1xx_hal_tim.o
    0x08002cf0   0x08002cf0   0x00000058   Code   RO         2195    i.TIM_OC2_SetConfig  stm32f1xx_hal_tim.o
    0x08002d48   0x08002d48   0x00000058   Code   RO         2196    i.TIM_OC3_SetConfig  stm32f1xx_hal_tim.o
    0x08002da0   0x08002da0   0x00000044   Code   RO         2197    i.TIM_OC4_SetConfig  stm32f1xx_hal_tim.o
    0x08002de4   0x08002de4   0x00000022   Code   RO         2199    i.TIM_TI1_ConfigInputStage  stm32f1xx_hal_tim.o
    0x08002e06   0x08002e06   0x00000024   Code   RO         2201    i.TIM_TI2_ConfigInputStage  stm32f1xx_hal_tim.o
    0x08002e2a   0x08002e2a   0x00000010   Code   RO         3101    i.UART_DMAAbortOnError  stm32f1xx_hal_uart.o
    0x08002e3a   0x08002e3a   0x00000030   Code   RO         3111    i.UART_EndRxTransfer  stm32f1xx_hal_uart.o
    0x08002e6a   0x08002e6a   0x000000b6   Code   RO         3113    i.UART_Receive_IT   stm32f1xx_hal_uart.o
    0x08002f20   0x08002f20   0x000000b8   Code   RO         3114    i.UART_SetConfig    stm32f1xx_hal_uart.o
    0x08002fd8   0x08002fd8   0x00000064   Code   RO         3117    i.UART_WaitOnFlagUntilTimeout  stm32f1xx_hal_uart.o
    0x0800303c   0x0800303c   0x0000000c   Code   RO          540    i.USART1_IRQHandler  stm32f1xx_it.o
    0x08003048   0x08003048   0x00000002   Code   RO          541    i.UsageFault_Handler  stm32f1xx_it.o
    0x0800304a   0x0800304a   0x00000002   PAD
    0x0800304c   0x0800304c   0x00000020   Code   RO         4270    i.__0printf         mc_w.l(printfa.o)
    0x0800306c   0x0800306c   0x00000028   Code   RO         4344    i.__ARM_fpclassify  m_ws.l(fpclassify.o)
    0x08003094   0x08003094   0x00000020   Code   RO         1599    i.__NVIC_SetPriority  stm32f1xx_hal_cortex.o
    0x080030b4   0x080030b4   0x000000aa   Code   RO         4346    i.__kernel_poly     m_ws.l(poly.o)
    0x0800315e   0x0800315e   0x00000006   Code   RO         4331    i.__mathlib_dbl_infnan  m_ws.l(dunder.o)
    0x08003164   0x08003164   0x00000004   Code   RO         4332    i.__mathlib_dbl_infnan2  m_ws.l(dunder.o)
    0x08003168   0x08003168   0x0000000c   Code   RO         4333    i.__mathlib_dbl_invalid  m_ws.l(dunder.o)
    0x08003174   0x08003174   0x00000010   Code   RO         4336    i.__mathlib_dbl_underflow  m_ws.l(dunder.o)
    0x08003184   0x08003184   0x0000000e   Code   RO         4410    i.__scatterload_copy  mc_w.l(handlers.o)
    0x08003192   0x08003192   0x00000002   Code   RO         4411    i.__scatterload_null  mc_w.l(handlers.o)
    0x08003194   0x08003194   0x0000000e   Code   RO         4412    i.__scatterload_zeroinit  mc_w.l(handlers.o)
    0x080031a2   0x080031a2   0x00000002   PAD
    0x080031a4   0x080031a4   0x0000000c   Code   RO         4378    i.__set_errno       mc_w.l(errno.o)
    0x080031b0   0x080031b0   0x00000184   Code   RO         4277    i._fp_digits        mc_w.l(printfa.o)
    0x08003334   0x08003334   0x000006dc   Code   RO         4278    i._printf_core      mc_w.l(printfa.o)
    0x08003a10   0x08003a10   0x00000024   Code   RO         4279    i._printf_post_padding  mc_w.l(printfa.o)
    0x08003a34   0x08003a34   0x0000002e   Code   RO         4280    i._printf_pre_padding  mc_w.l(printfa.o)
    0x08003a62   0x08003a62   0x00000002   PAD
    0x08003a64   0x08003a64   0x00000084   Code   RO         3529    i.accel_self_test   inv_mpu.o
    0x08003ae8   0x08003ae8   0x00000270   Code   RO         4009    i.asin              m_ws.l(asin.o)
    0x08003d58   0x08003d58   0x00000220   Code   RO         4321    i.atan              m_ws.l(atan.o)
    0x08003f78   0x08003f78   0x00000180   Code   RO         4019    i.atan2             m_ws.l(atan2.o)
    0x080040f8   0x080040f8   0x0000003c   Code   RO          256    i.calculate_pd_output  pid.o
    0x08004134   0x08004134   0x0000003a   Code   RO         3826    i.dmp_enable_6x_lp_quat  inv_mpu_dmp_motion_driver.o
    0x0800416e   0x0800416e   0x00000002   PAD
    0x08004170   0x08004170   0x000001d8   Code   RO         3827    i.dmp_enable_feature  inv_mpu_dmp_motion_driver.o
    0x08004348   0x08004348   0x0000003c   Code   RO         3828    i.dmp_enable_gyro_cal  inv_mpu_dmp_motion_driver.o
    0x08004384   0x08004384   0x0000003a   Code   RO         3829    i.dmp_enable_lp_quat  inv_mpu_dmp_motion_driver.o
    0x080043be   0x080043be   0x00000002   PAD
    0x080043c0   0x080043c0   0x00000014   Code   RO         3834    i.dmp_load_motion_driver_firmware  inv_mpu_dmp_motion_driver.o
    0x080043d4   0x080043d4   0x00000148   Code   RO         3835    i.dmp_read_fifo     inv_mpu_dmp_motion_driver.o
    0x0800451c   0x0800451c   0x000000d8   Code   RO         3838    i.dmp_set_accel_bias  inv_mpu_dmp_motion_driver.o
    0x080045f4   0x080045f4   0x00000064   Code   RO         3839    i.dmp_set_fifo_rate  inv_mpu_dmp_motion_driver.o
    0x08004658   0x08004658   0x000000cc   Code   RO         3840    i.dmp_set_gyro_bias  inv_mpu_dmp_motion_driver.o
    0x08004724   0x08004724   0x0000010c   Code   RO         3842    i.dmp_set_orientation  inv_mpu_dmp_motion_driver.o
    0x08004830   0x08004830   0x00000030   Code   RO         3845    i.dmp_set_shake_reject_thresh  inv_mpu_dmp_motion_driver.o
    0x08004860   0x08004860   0x00000020   Code   RO         3846    i.dmp_set_shake_reject_time  inv_mpu_dmp_motion_driver.o
    0x08004880   0x08004880   0x00000020   Code   RO         3847    i.dmp_set_shake_reject_timeout  inv_mpu_dmp_motion_driver.o
    0x080048a0   0x080048a0   0x00000040   Code   RO         3848    i.dmp_set_tap_axes  inv_mpu_dmp_motion_driver.o
    0x080048e0   0x080048e0   0x00000022   Code   RO         3849    i.dmp_set_tap_count  inv_mpu_dmp_motion_driver.o
    0x08004902   0x08004902   0x00000002   PAD
    0x08004904   0x08004904   0x00000128   Code   RO         3850    i.dmp_set_tap_thresh  inv_mpu_dmp_motion_driver.o
    0x08004a2c   0x08004a2c   0x00000020   Code   RO         3851    i.dmp_set_tap_time  inv_mpu_dmp_motion_driver.o
    0x08004a4c   0x08004a4c   0x00000020   Code   RO         3852    i.dmp_set_tap_time_multi  inv_mpu_dmp_motion_driver.o
    0x08004a6c   0x08004a6c   0x00000018   Code   RO          474    i.fputc             usart.o
    0x08004a84   0x08004a84   0x000000bc   Code   RO         3530    i.get_accel_prod_shift  inv_mpu.o
    0x08004b40   0x08004b40   0x00000400   Code   RO         3531    i.get_st_biases     inv_mpu.o
    0x08004f40   0x08004f40   0x000000e8   Code   RO         3532    i.gyro_self_test    inv_mpu.o
    0x08005028   0x08005028   0x00000022   Code   RO         3455    i.inv_orientation_matrix_to_scalar  dmp_test.o
    0x0800504a   0x0800504a   0x00000048   Code   RO         3456    i.inv_row_2_scale   dmp_test.o
    0x08005092   0x08005092   0x00000002   PAD
    0x08005094   0x08005094   0x0000013c   Code   RO          286    i.main              main.o
    0x080051d0   0x080051d0   0x00000054   Code   RO         3533    i.mpu_configure_fifo  inv_mpu.o
    0x08005224   0x08005224   0x0000019c   Code   RO         3458    i.mpu_dmp_get_data  dmp_test.o
    0x080053c0   0x080053c0   0x000000a0   Code   RO         3459    i.mpu_dmp_init      dmp_test.o
    0x08005460   0x08005460   0x0000003c   Code   RO         3534    i.mpu_get_accel_fsr  inv_mpu.o
    0x0800549c   0x0800549c   0x00000044   Code   RO         3536    i.mpu_get_accel_sens  inv_mpu.o
    0x080054e0   0x080054e0   0x00000034   Code   RO         3542    i.mpu_get_gyro_fsr  inv_mpu.o
    0x08005514   0x08005514   0x00000040   Code   RO         3544    i.mpu_get_gyro_sens  inv_mpu.o
    0x08005554   0x08005554   0x00000038   Code   RO         3546    i.mpu_get_lpf       inv_mpu.o
    0x0800558c   0x0800558c   0x0000001c   Code   RO         3548    i.mpu_get_sample_rate  inv_mpu.o
    0x080055a8   0x080055a8   0x00000154   Code   RO         3550    i.mpu_init          inv_mpu.o
    0x080056fc   0x080056fc   0x000000ac   Code   RO         3551    i.mpu_load_firmware  inv_mpu.o
    0x080057a8   0x080057a8   0x000000d0   Code   RO         3552    i.mpu_lp_accel_mode  inv_mpu.o
    0x08005878   0x08005878   0x000000bc   Code   RO         3555    i.mpu_read_fifo_stream  inv_mpu.o
    0x08005934   0x08005934   0x00000070   Code   RO         3556    i.mpu_read_mem      inv_mpu.o
    0x080059a4   0x080059a4   0x000001b4   Code   RO         3559    i.mpu_reset_fifo    inv_mpu.o
    0x08005b58   0x08005b58   0x000000f0   Code   RO         3560    i.mpu_run_self_test  inv_mpu.o
    0x08005c48   0x08005c48   0x00000078   Code   RO         3562    i.mpu_set_accel_fsr  inv_mpu.o
    0x08005cc0   0x08005cc0   0x0000012c   Code   RO         3563    i.mpu_set_bypass    inv_mpu.o
    0x08005dec   0x08005dec   0x00000090   Code   RO         3565    i.mpu_set_dmp_state  inv_mpu.o
    0x08005e7c   0x08005e7c   0x0000007c   Code   RO         3566    i.mpu_set_gyro_fsr  inv_mpu.o
    0x08005ef8   0x08005ef8   0x00000074   Code   RO         3567    i.mpu_set_int_latched  inv_mpu.o
    0x08005f6c   0x08005f6c   0x00000080   Code   RO         3569    i.mpu_set_lpf       inv_mpu.o
    0x08005fec   0x08005fec   0x00000094   Code   RO         3570    i.mpu_set_sample_rate  inv_mpu.o
    0x08006080   0x08006080   0x000000dc   Code   RO         3571    i.mpu_set_sensors   inv_mpu.o
    0x0800615c   0x0800615c   0x00000070   Code   RO         3572    i.mpu_write_mem     inv_mpu.o
    0x080061cc   0x080061cc   0x00000010   Code   RO           24    i.oled_pow          oled.o
    0x080061dc   0x080061dc   0x00000078   Code   RO          257    i.pd_control        pid.o
    0x08006254   0x08006254   0x00000080   Code   RO         3460    i.run_self_test     dmp_test.o
    0x080062d4   0x080062d4   0x00000078   Code   RO         3573    i.set_int_enable    inv_mpu.o
    0x0800634c   0x0800634c   0x0000004c   Code   RO         4350    i.sqrt              m_ws.l(sqrt.o)
    0x08006398   0x08006398   0x000005f0   Data   RO           26    .constdata          oled.o
    0x08006988   0x08006988   0x00000010   Data   RO         3418    .constdata          system_stm32f1xx.o
    0x08006998   0x08006998   0x00000008   Data   RO         3419    .constdata          system_stm32f1xx.o
    0x080069a0   0x080069a0   0x0000001e   Data   RO         3574    .constdata          inv_mpu.o
    0x080069be   0x080069be   0x0000000c   Data   RO         3575    .constdata          inv_mpu.o
    0x080069ca   0x080069ca   0x00000002   PAD
    0x080069cc   0x080069cc   0x00000028   Data   RO         3576    .constdata          inv_mpu.o
    0x080069f4   0x080069f4   0x00000bf6   Data   RO         3854    .constdata          inv_mpu_dmp_motion_driver.o
    0x080075ea   0x080075ea   0x00000006   PAD
    0x080075f0   0x080075f0   0x00000050   Data   RO         4010    .constdata          m_ws.l(asin.o)
    0x08007640   0x08007640   0x00000098   Data   RO         4322    .constdata          m_ws.l(atan.o)
    0x080076d8   0x080076d8   0x00000008   Data   RO         4348    .constdata          m_ws.l(qnan.o)
    0x080076e0   0x080076e0   0x00000020   Data   RO         4408    Region$$Table       anon$$obj.o


    Execution Region RW_IRAM1 (Exec base: 0x20000000, Load base: 0x08007700, Size: 0x00000690, Max: 0x00005000, ABSOLUTE, COMPRESSED[0x00000094])

    Exec Addr    Load Addr    Size         Type   Attr      Idx    E Section Name        Object

    0x20000000   COMPRESSED   0x00000100   Data   RW           27    .data               oled.o
    0x20000100   COMPRESSED   0x00000008   Data   RW          258    .data               pid.o
    0x20000108   COMPRESSED   0x00000008   Data   RW          291    .data               main.o
    0x20000110   COMPRESSED   0x0000000c   Data   RW         1136    .data               stm32f1xx_hal.o
    0x2000011c   COMPRESSED   0x00000004   Data   RW         3420    .data               system_stm32f1xx.o
    0x20000120   COMPRESSED   0x00000009   Data   RW         3461    .data               dmp_test.o
    0x20000129   COMPRESSED   0x00000003   PAD
    0x2000012c   COMPRESSED   0x0000002c   Data   RW         3577    .data               inv_mpu.o
    0x20000158   COMPRESSED   0x00000004   Data   RW         4371    .data               mc_w.l(stdout.o)
    0x2000015c   COMPRESSED   0x00000004   Data   RW         4379    .data               mc_w.l(errno.o)
    0x20000160        -       0x00000054   Zero   RW          383    .bss                i2c.o
    0x200001b4        -       0x00000048   Zero   RW          426    .bss                tim.o
    0x200001fc        -       0x00000084   Zero   RW          475    .bss                usart.o
    0x20000280        -       0x00000010   Zero   RW         3853    .bss                inv_mpu_dmp_motion_driver.o
    0x20000290        -       0x00000400   Zero   RW            1    STACK               startup_stm32f103xb.o


==============================================================================

Image component sizes


      Code (inc. data)   RO Data    RW Data    ZI Data      Debug   Object Name

       998         80          0          9          0       6062   dmp_test.o
       168         18          0          0          0        907   gpio.o
       172         26          0          0         84       1541   i2c.o
      5216        272         82         44          0      25965   inv_mpu.o
      2354        120       3062          0         16      19038   inv_mpu_dmp_motion_driver.o
       450         84          0          8          0       2906   main.o
       904         28       1520        256          0     440145   oled.o
       180         48          0          8          0       1239   pid.o
        36          8        236          0       1024        772   startup_stm32f103xb.o
       164         28          0         12          0       5653   stm32f1xx_hal.o
       198         14          0          0          0      28755   stm32f1xx_hal_cortex.o
       222          4          0          0          0       1675   stm32f1xx_hal_dma.o
       530         40          0          0          0       3940   stm32f1xx_hal_gpio.o
      2262         56          0          0          0      12398   stm32f1xx_hal_i2c.o
        60          8          0          0          0        810   stm32f1xx_hal_msp.o
      1272        100          0          0          0       5004   stm32f1xx_hal_rcc.o
      1314         46          0          0          0      11624   stm32f1xx_hal_tim.o
       104         12          0          0          0       1264   stm32f1xx_hal_tim_ex.o
      1338         10          0          0          0       9272   stm32f1xx_hal_uart.o
        38          6          0          0          0       4397   stm32f1xx_it.o
         2          0         24          4          0       1023   system_stm32f1xx.o
       300         24          0          0         72       2188   tim.o
       208         26          0          0        132       3966   usart.o

    ----------------------------------------------------------------------
     18518       1058       4964        344       1328     590544   Object Totals
         0          0         32          0          0          0   (incl. Generated)
        28          0          8          3          0          0   (incl. Padding)

    ----------------------------------------------------------------------

      Code (inc. data)   RO Data    RW Data    ZI Data      Debug   Library Member Name

       624         52         80          0          0        168   asin.o
       544         70        152          0          0        124   atan.o
       384         38          0          0          0        144   atan2.o
        38          6          0          0          0        272   dunder.o
        40          0          0          0          0         68   fpclassify.o
       170          0          0          0          0         96   poly.o
         0          0          8          0          0          0   qnan.o
        76          0          0          0          0         84   sqrt.o
        86          0          0          0          0          0   __dczerorl2.o
         0          0          0          0          0          0   entry.o
         0          0          0          0          0          0   entry10a.o
         0          0          0          0          0          0   entry11a.o
         8          4          0          0          0          0   entry2.o
         4          0          0          0          0          0   entry5.o
         0          0          0          0          0          0   entry7b.o
         0          0          0          0          0          0   entry8b.o
         8          4          0          0          0          0   entry9a.o
        12          6          0          4          0         68   errno.o
        30          0          0          0          0          0   handlers.o
        36          8          0          0          0         68   init.o
         0          0          0          0          0          0   iusefp.o
        98          0          0          0          0         84   ldiv.o
        30          0          0          0          0         68   llshl.o
        36          0          0          0          0         68   llsshr.o
        32          0          0          0          0         68   llushr.o
        26          0          0          0          0         80   memcmp.o
        36          0          0          0          0        108   memseta.o
      2258         90          0          0          0        452   printfa.o
         0          0          0          4          0          0   stdout.o
        44          0          0          0          0         80   uidiv.o
        98          0          0          0          0         92   uldiv.o
        48          0          0          0          0         68   cdrcmple.o
        56          0          0          0          0         88   d2f.o
       334          0          0          0          0        148   dadd.o
       222          0          0          0          0        100   ddiv.o
       186          0          0          0          0        176   depilogue.o
        48          0          0          0          0         68   dfixul.o
       228          0          0          0          0         96   dmul.o
        46          0          0          0          0         80   dscalb.o
       162          0          0          0          0        100   dsqrt.o
        38          0          0          0          0         68   f2d.o
       176          0          0          0          0        140   fadd.o
       124          0          0          0          0         88   fdiv.o
       110          0          0          0          0        168   fepilogue.o
        50          0          0          0          0         68   ffixi.o
        40          0          0          0          0         68   ffixui.o
        18          0          0          0          0         68   fflti.o
        10          0          0          0          0         68   ffltui.o
       100          0          0          0          0         76   fmul.o
        24          0          0          0          0         68   fscalb.o

    ----------------------------------------------------------------------
      6742        278        240          8          0       3996   Library Totals
         4          0          0          0          0          0   (incl. Padding)

    ----------------------------------------------------------------------

      Code (inc. data)   RO Data    RW Data    ZI Data      Debug   Library Name

      1876        166        240          0          0        956   m_ws.l
      2842        112          0          8          0       1236   mc_w.l
      2020          0          0          0          0       1804   mf_w.l

    ----------------------------------------------------------------------
      6742        278        240          8          0       3996   Library Totals

    ----------------------------------------------------------------------

==============================================================================


      Code (inc. data)   RO Data    RW Data    ZI Data      Debug   

     25260       1336       5204        352       1328     584944   Grand Totals
     25260       1336       5204        148       1328     584944   ELF Image Totals (compressed)
     25260       1336       5204        148          0          0   ROM Totals

==============================================================================

    Total RO  Size (Code + RO Data)                30464 (  29.75kB)
    Total RW  Size (RW Data + ZI Data)              1680 (   1.64kB)
    Total ROM Size (Code + RO Data + RW Data)      30612 (  29.89kB)

==============================================================================

